Archive member included to satisfy reference by file (symbol)

c:/ac6/systemworkbench/plugins/fr.ac6.mcu.externaltools.arm-none.win32_1.17.0.201812190825/tools/compiler/bin/../lib/gcc/arm-none-eabi/7.3.1/thumb/v7e-m/fpv4-sp/hard\libgcc.a(_aeabi_uldivmod.o)
                              Drivers/STM32F4xx_HAL_Driver/Src/stm32f4xx_hal_rcc.o (__aeabi_uldivmod)
c:/ac6/systemworkbench/plugins/fr.ac6.mcu.externaltools.arm-none.win32_1.17.0.201812190825/tools/compiler/bin/../lib/gcc/arm-none-eabi/7.3.1/thumb/v7e-m/fpv4-sp/hard\libgcc.a(_udivmoddi4.o)
                              c:/ac6/systemworkbench/plugins/fr.ac6.mcu.externaltools.arm-none.win32_1.17.0.201812190825/tools/compiler/bin/../lib/gcc/arm-none-eabi/7.3.1/thumb/v7e-m/fpv4-sp/hard\libgcc.a(_aeabi_uldivmod.o) (__udivmoddi4)
c:/ac6/systemworkbench/plugins/fr.ac6.mcu.externaltools.arm-none.win32_1.17.0.201812190825/tools/compiler/bin/../lib/gcc/arm-none-eabi/7.3.1/thumb/v7e-m/fpv4-sp/hard\libgcc.a(_dvmd_tls.o)
                              c:/ac6/systemworkbench/plugins/fr.ac6.mcu.externaltools.arm-none.win32_1.17.0.201812190825/tools/compiler/bin/../lib/gcc/arm-none-eabi/7.3.1/thumb/v7e-m/fpv4-sp/hard\libgcc.a(_aeabi_uldivmod.o) (__aeabi_ldiv0)
c:/ac6/systemworkbench/plugins/fr.ac6.mcu.externaltools.arm-none.win32_1.17.0.201812190825/tools/compiler/bin/../lib/gcc/arm-none-eabi/7.3.1/../../../../arm-none-eabi/lib/thumb/v7e-m/fpv4-sp/hard\libc_nano.a(lib_a-errno.o)
                              Core/Src/syscalls.o (__errno)
c:/ac6/systemworkbench/plugins/fr.ac6.mcu.externaltools.arm-none.win32_1.17.0.201812190825/tools/compiler/bin/../lib/gcc/arm-none-eabi/7.3.1/../../../../arm-none-eabi/lib/thumb/v7e-m/fpv4-sp/hard\libc_nano.a(lib_a-exit.o)
                              c:/ac6/systemworkbench/plugins/fr.ac6.mcu.externaltools.arm-none.win32_1.17.0.201812190825/tools/compiler/bin/../lib/gcc/arm-none-eabi/7.3.1/../../../../arm-none-eabi/lib/thumb/v7e-m/fpv4-sp/hard/crt0.o (exit)
c:/ac6/systemworkbench/plugins/fr.ac6.mcu.externaltools.arm-none.win32_1.17.0.201812190825/tools/compiler/bin/../lib/gcc/arm-none-eabi/7.3.1/../../../../arm-none-eabi/lib/thumb/v7e-m/fpv4-sp/hard\libc_nano.a(lib_a-impure.o)
                              c:/ac6/systemworkbench/plugins/fr.ac6.mcu.externaltools.arm-none.win32_1.17.0.201812190825/tools/compiler/bin/../lib/gcc/arm-none-eabi/7.3.1/../../../../arm-none-eabi/lib/thumb/v7e-m/fpv4-sp/hard\libc_nano.a(lib_a-exit.o) (_global_impure_ptr)
c:/ac6/systemworkbench/plugins/fr.ac6.mcu.externaltools.arm-none.win32_1.17.0.201812190825/tools/compiler/bin/../lib/gcc/arm-none-eabi/7.3.1/../../../../arm-none-eabi/lib/thumb/v7e-m/fpv4-sp/hard\libc_nano.a(lib_a-init.o)
                              c:/ac6/systemworkbench/plugins/fr.ac6.mcu.externaltools.arm-none.win32_1.17.0.201812190825/tools/compiler/bin/../lib/gcc/arm-none-eabi/7.3.1/../../../../arm-none-eabi/lib/thumb/v7e-m/fpv4-sp/hard/crt0.o (__libc_init_array)
c:/ac6/systemworkbench/plugins/fr.ac6.mcu.externaltools.arm-none.win32_1.17.0.201812190825/tools/compiler/bin/../lib/gcc/arm-none-eabi/7.3.1/../../../../arm-none-eabi/lib/thumb/v7e-m/fpv4-sp/hard\libc_nano.a(lib_a-memset.o)
                              c:/ac6/systemworkbench/plugins/fr.ac6.mcu.externaltools.arm-none.win32_1.17.0.201812190825/tools/compiler/bin/../lib/gcc/arm-none-eabi/7.3.1/../../../../arm-none-eabi/lib/thumb/v7e-m/fpv4-sp/hard/crt0.o (memset)
c:/ac6/systemworkbench/plugins/fr.ac6.mcu.externaltools.arm-none.win32_1.17.0.201812190825/tools/compiler/bin/../lib/gcc/arm-none-eabi/7.3.1/../../../../arm-none-eabi/lib/thumb/v7e-m/fpv4-sp/hard\libc_nano.a(lib_a-printf.o)
                              Core/Src/main.o (printf)
c:/ac6/systemworkbench/plugins/fr.ac6.mcu.externaltools.arm-none.win32_1.17.0.201812190825/tools/compiler/bin/../lib/gcc/arm-none-eabi/7.3.1/../../../../arm-none-eabi/lib/thumb/v7e-m/fpv4-sp/hard\libc_nano.a(lib_a-strlen.o)
                              Core/Src/main.o (strlen)
c:/ac6/systemworkbench/plugins/fr.ac6.mcu.externaltools.arm-none.win32_1.17.0.201812190825/tools/compiler/bin/../lib/gcc/arm-none-eabi/7.3.1/../../../../arm-none-eabi/lib/thumb/v7e-m/fpv4-sp/hard\libc_nano.a(lib_a-findfp.o)
                              c:/ac6/systemworkbench/plugins/fr.ac6.mcu.externaltools.arm-none.win32_1.17.0.201812190825/tools/compiler/bin/../lib/gcc/arm-none-eabi/7.3.1/../../../../arm-none-eabi/lib/thumb/v7e-m/fpv4-sp/hard\libc_nano.a(lib_a-printf.o) (__sinit)
c:/ac6/systemworkbench/plugins/fr.ac6.mcu.externaltools.arm-none.win32_1.17.0.201812190825/tools/compiler/bin/../lib/gcc/arm-none-eabi/7.3.1/../../../../arm-none-eabi/lib/thumb/v7e-m/fpv4-sp/hard\libc_nano.a(lib_a-fwalk.o)
                              c:/ac6/systemworkbench/plugins/fr.ac6.mcu.externaltools.arm-none.win32_1.17.0.201812190825/tools/compiler/bin/../lib/gcc/arm-none-eabi/7.3.1/../../../../arm-none-eabi/lib/thumb/v7e-m/fpv4-sp/hard\libc_nano.a(lib_a-findfp.o) (_fwalk)
[...]
Memory Configuration

Name             Origin             Length             Attributes
RAM              0x20000000         0x00020000         xrw
FLASH            0x08000000         0x00080000         xr
*default*        0x00000000         0xffffffff

Linker script and memory map

LOAD c:/ac6/systemworkbench/plugins/fr.ac6.mcu.externaltools.arm-none.win32_1.17.0.201812190825/tools/compiler/bin/../lib/gcc/arm-none-eabi/7.3.1/thumb/v7e-m/fpv4-sp/hard/crti.o
LOAD c:/ac6/systemworkbench/plugins/fr.ac6.mcu.externaltools.arm-none.win32_1.17.0.201812190825/tools/compiler/bin/../lib/gcc/arm-none-eabi/7.3.1/thumb/v7e-m/fpv4-sp/hard/crtbegin.o
LOAD c:/ac6/systemworkbench/plugins/fr.ac6.mcu.externaltools.arm-none.win32_1.17.0.201812190825/tools/compiler/bin/../lib/gcc/arm-none-eabi/7.3.1/../../../../arm-none-eabi/lib/thumb/v7e-m/fpv4-sp/hard/crt0.o
LOAD Core/Src/gpio.o
LOAD Core/Src/i2c.o
LOAD Core/Src/main.o
LOAD Core/Src/stm32f4xx_hal_msp.o
LOAD Core/Src/stm32f4xx_it.o
LOAD Core/Src/syscalls.o
LOAD Core/Src/system_stm32f4xx.o
LOAD Core/Src/usart.o
LOAD Drivers/STM32F4xx_HAL_Driver/Src/stm32f4xx_hal.o
LOAD Drivers/STM32F4xx_HAL_Driver/Src/stm32f4xx_hal_cortex.o
LOAD Drivers/STM32F4xx_HAL_Driver/Src/stm32f4xx_hal_dma.o
LOAD Drivers/STM32F4xx_HAL_Driver/Src/stm32f4xx_hal_dma_ex.o
LOAD Drivers/STM32F4xx_HAL_Driver/Src/stm32f4xx_hal_exti.o
LOAD Drivers/STM32F4xx_HAL_Driver/Src/stm32f4xx_hal_flash.o
LOAD Drivers/STM32F4xx_HAL_Driver/Src/stm32f4xx_hal_flash_ex.o
LOAD Drivers/STM32F4xx_HAL_Driver/Src/stm32f4xx_hal_flash_ramfunc.o
LOAD Drivers/STM32F4xx_HAL_Driver/Src/stm32f4xx_hal_gpio.o
LOAD Drivers/STM32F4xx_HAL_Driver/Src/stm32f4xx_hal_i2c.o
LOAD Drivers/STM32F4xx_HAL_Driver/Src/stm32f4xx_hal_i2c_ex.o
LOAD Drivers/STM32F4xx_HAL_Driver/Src/stm32f4xx_hal_pwr.o
LOAD Drivers/STM32F4xx_HAL_Driver/Src/stm32f4xx_hal_pwr_ex.o
LOAD Drivers/STM32F4xx_HAL_Driver/Src/stm32f4xx_hal_rcc.o
LOAD Drivers/STM32F4xx_HAL_Driver/Src/stm32f4xx_hal_rcc_ex.o
LOAD Drivers/STM32F4xx_HAL_Driver/Src/stm32f4xx_hal_tim.o
LOAD Drivers/STM32F4xx_HAL_Driver/Src/stm32f4xx_hal_tim_ex.o
LOAD Drivers/STM32F4xx_HAL_Driver/Src/stm32f4xx_hal_uart.o
LOAD startup/startup_stm32f446xx.o
LOAD c:/ac6/systemworkbench/plugins/fr.ac6.mcu.externaltools.arm-none.win32_1.17.0.201812190825/tools/compiler/bin/../lib/gcc/arm-none-eabi/7.3.1/../../../../arm-none-eabi/lib/thumb/v7e-m/fpv4-sp/hard\libm.a
START GROUP
LOAD c:/ac6/systemworkbench/plugins/fr.ac6.mcu.externaltools.arm-none.win32_1.17.0.201812190825/tools/compiler/bin/../lib/gcc/arm-none-eabi/7.3.1/thumb/v7e-m/fpv4-sp/hard\libgcc.a
LOAD c:/ac6/systemworkbench/plugins/fr.ac6.mcu.externaltools.arm-none.win32_1.17.0.201812190825/tools/compiler/bin/../lib/gcc/arm-none-eabi/7.3.1/../../../../arm-none-eabi/lib/thumb/v7e-m/fpv4-sp/hard\libc_nano.a
END GROUP
START GROUP
LOAD c:/ac6/systemworkbench/plugins/fr.ac6.mcu.externaltools.arm-none.win32_1.17.0.201812190825/tools/compiler/bin/../lib/gcc/arm-none-eabi/7.3.1/thumb/v7e-m/fpv4-sp/hard\libgcc.a
LOAD c:/ac6/systemworkbench/plugins/fr.ac6.mcu.externaltools.arm-none.win32_1.17.0.201812190825/tools/compiler/bin/../lib/gcc/arm-none-eabi/7.3.1/../../../../arm-none-eabi/lib/thumb/v7e-m/fpv4-sp/hard\libc_nano.a
LOAD c:/ac6/systemworkbench/plugins/fr.ac6.mcu.externaltools.arm-none.win32_1.17.0.201812190825/tools/compiler/bin/../lib/gcc/arm-none-eabi/7.3.1/../../../../arm-none-eabi/lib/thumb/v7e-m/fpv4-sp/hard\libnosys.a
END GROUP
START GROUP
LOAD c:/ac6/systemworkbench/plugins/fr.ac6.mcu.externaltools.arm-none.win32_1.17.0.201812190825/tools/compiler/bin/../lib/gcc/arm-none-eabi/7.3.1/thumb/v7e-m/fpv4-sp/hard\libgcc.a
LOAD c:/ac6/systemworkbench/plugins/fr.ac6.mcu.externaltools.arm-none.win32_1.17.0.201812190825/tools/compiler/bin/../lib/gcc/arm-none-eabi/7.3.1/../../../../arm-none-eabi/lib/thumb/v7e-m/fpv4-sp/hard\libc_nano.a
LOAD c:/ac6/systemworkbench/plugins/fr.ac6.mcu.externaltools.arm-none.win32_1.17.0.201812190825/tools/compiler/bin/../lib/gcc/arm-none-eabi/7.3.1/../../../../arm-none-eabi/lib/thumb/v7e-m/fpv4-sp/hard\libnosys.a
END GROUP
LOAD c:/ac6/systemworkbench/plugins/fr.ac6.mcu.externaltools.arm-none.win32_1.17.0.201812190825/tools/compiler/bin/../lib/gcc/arm-none-eabi/7.3.1/thumb/v7e-m/fpv4-sp/hard/crtend.o
LOAD c:/ac6/systemworkbench/plugins/fr.ac6.mcu.externaltools.arm-none.win32_1.17.0.201812190825/tools/compiler/bin/../lib/gcc/arm-none-eabi/7.3.1/thumb/v7e-m/fpv4-sp/hard/crtn.o
                0x20020000                _estack = 0x20020000
                0x00000200                _Min_Heap_Size = 0x200
                0x00000400                _Min_Stack_Size = 0x400

.isr_vector     0x08000000      0x1c4
                0x08000000                . = ALIGN (0x4)
 *(.isr_vector)
 .isr_vector    0x08000000      0x1c4 startup/startup_stm32f446xx.o
                0x08000000                g_pfnVectors
                0x080001c4                . = ALIGN (0x4)

.text           0x080001d0     0x3398
                0x080001d0                . = ALIGN (0x4)
 *(.text)
 .text          0x080001d0       0x40 c:/ac6/systemworkbench/plugins/fr.ac6.mcu.externaltools.arm-none.win32_1.17.0.201812190825/tools/compiler/bin/../lib/gcc/arm-none-eabi/7.3.1/thumb/v7e-m/fpv4-sp/hard/crtbegin.o
 .text          0x08000210       0x30 c:/ac6/systemworkbench/plugins/fr.ac6.mcu.externaltools.arm-none.win32_1.17.0.201812190825/tools/compiler/bin/../lib/gcc/arm-none-eabi/7.3.1/thumb/v7e-m/fpv4-sp/hard\libgcc.a(_aeabi_uldivmod.o)
                0x08000210                __aeabi_uldivmod
 .text          0x08000240      0x2cc c:/ac6/systemworkbench/plugins/fr.ac6.mcu.externaltools.arm-none.win32_1.17.0.201812190825/tools/compiler/bin/../lib/gcc/arm-none-eabi/7.3.1/thumb/v7e-m/fpv4-sp/hard\libgcc.a(_udivmoddi4.o)
                0x08000240                __udivmoddi4
 .text          0x0800050c        0x4 c:/ac6/systemworkbench/plugins/fr.ac6.mcu.externaltools.arm-none.win32_1.17.0.201812190825/tools/compiler/bin/../lib/gcc/arm-none-eabi/7.3.1/thumb/v7e-m/fpv4-sp/hard\libgcc.a(_dvmd_tls.o)
                0x0800050c                __aeabi_idiv0
                0x0800050c                __aeabi_ldiv0
 .text          0x08000510       0x10 c:/ac6/systemworkbench/plugins/fr.ac6.mcu.externaltools.arm-none.win32_1.17.0.201812190825/tools/compiler/bin/../lib/gcc/arm-none-eabi/7.3.1/../../../../arm-none-eabi/lib/thumb/v7e-m/fpv4-sp/hard\libc_nano.a(lib_a-strlen.o)
                0x08000510                strlen
 .text          0x08000520       0xa0 c:/ac6/systemworkbench/plugins/fr.ac6.mcu.externaltools.arm-none.win32_1.17.0.201812190825/tools/compiler/bin/../lib/gcc/arm-none-eabi/7.3.1/../../../../arm-none-eabi/lib/thumb/v7e-m/fpv4-sp/hard\libc_nano.a(lib_a-memchr.o)
                0x08000520                memchr
 *(.text*)
 .text.MX_GPIO_Init
                0x080005c0       0xbc Core/Src/gpio.o
                0x080005c0                MX_GPIO_Init
 .text.MX_I2C1_Init
                0x0800067c       0x3c Core/Src/i2c.o
                0x0800067c                MX_I2C1_Init
 .text.HAL_I2C_MspInit
                0x080006b8       0x74 Core/Src/i2c.o
                0x080006b8                HAL_I2C_MspInit
 .text.Clear.9070
                0x0800072c       0x1a Core/Src/main.o
 .text.Invertieren.9073
                0x08000746       0x1a Core/Src/main.o
 .text.Helligkeit.9077
                0x08000760       0x28 Core/Src/main.o
 .text.edip240_protokoll.9059
                0x08000788       0x70 Core/Src/main.o
 .text.edip240_touch_schalter.9093
                0x080007f8       0xb4 Core/Src/main.o
 .text.__io_putchar
                0x080008ac       0x24 Core/Src/main.o
                0x080008ac                __io_putchar
 .text.SystemClock_Config
                0x080008d0       0x98 Core/Src/main.o
                0x080008d0                SystemClock_Config
 .text.main     0x08000968      0x130 Core/Src/main.o
                0x08000968                main
 .text.Error_Handler
                0x08000a98        0x2 Core/Src/main.o
                0x08000a98                Error_Handler
 *fill*         0x08000a9a        0x2 
 .text.HAL_MspInit
                0x08000a9c       0x40 Core/Src/stm32f4xx_hal_msp.o
                0x08000a9c                HAL_MspInit
 .text.NMI_Handler
                0x08000adc        0x2 Core/Src/stm32f4xx_it.o
                0x08000adc                NMI_Handler
 .text.HardFault_Handler
                0x08000ade        0x2 Core/Src/stm32f4xx_it.o
                0x08000ade                HardFault_Handler
 .text.MemManage_Handler
                0x08000ae0        0x2 Core/Src/stm32f4xx_it.o
                0x08000ae0                MemManage_Handler
 .text.BusFault_Handler
                0x08000ae2        0x2 Core/Src/stm32f4xx_it.o
                0x08000ae2                BusFault_Handler
 .text.UsageFault_Handler
                0x08000ae4        0x2 Core/Src/stm32f4xx_it.o
                0x08000ae4                UsageFault_Handler
 .text.SVC_Handler
                0x08000ae6        0x2 Core/Src/stm32f4xx_it.o
                0x08000ae6                SVC_Handler
 .text.DebugMon_Handler
                0x08000ae8        0x2 Core/Src/stm32f4xx_it.o
                0x08000ae8                DebugMon_Handler
 .text.PendSV_Handler
                0x08000aea        0x2 Core/Src/stm32f4xx_it.o
                0x08000aea                PendSV_Handler
 .text.SysTick_Handler
                0x08000aec        0x8 Core/Src/stm32f4xx_it.o
                0x08000aec                SysTick_Handler
 .text.EXTI9_5_IRQHandler
                0x08000af4       0x80 Core/Src/stm32f4xx_it.o
                0x08000af4                EXTI9_5_IRQHandler
 .text._read    0x08000b74       0x1c Core/Src/syscalls.o
                0x08000b74                _read
 .text._write   0x08000b90       0x1c Core/Src/syscalls.o
                0x08000b90                _write
 .text._sbrk    0x08000bac       0x3c Core/Src/syscalls.o
                0x08000bac                _sbrk
 .text._close   0x08000be8        0x6 Core/Src/syscalls.o
                0x08000be8                _close
 .text._fstat   0x08000bee        0xa Core/Src/syscalls.o
                0x08000bee                _fstat
 .text._isatty  0x08000bf8        0x4 Core/Src/syscalls.o
                0x08000bf8                _isatty
 .text._lseek   0x08000bfc        0x4 Core/Src/syscalls.o
                0x08000bfc                _lseek
 .text.SystemInit
                0x08000c00       0x1c Core/Src/system_stm32f4xx.o
                0x08000c00                SystemInit
 .text.MX_USART2_UART_Init
                0x08000c1c       0x34 Core/Src/usart.o
                0x08000c1c                MX_USART2_UART_Init
 .text.HAL_UART_MspInit
                0x08000c50       0x70 Core/Src/usart.o
                0x08000c50                HAL_UART_MspInit
 .text.HAL_InitTick
                0x08000cc0       0x48 Drivers/STM32F4xx_HAL_Driver/Src/stm32f4xx_hal.o
                0x08000cc0                HAL_InitTick
 .text.HAL_Init
                0x08000d08       0x34 Drivers/STM32F4xx_HAL_Driver/Src/stm32f4xx_hal.o
                0x08000d08                HAL_Init
 .text.HAL_IncTick
                0x08000d3c       0x18 Drivers/STM32F4xx_HAL_Driver/Src/stm32f4xx_hal.o
                0x08000d3c                HAL_IncTick
 .text.HAL_GetTick
                0x08000d54        0xc Drivers/STM32F4xx_HAL_Driver/Src/stm32f4xx_hal.o
                0x08000d54                HAL_GetTick
 .text.HAL_Delay
                0x08000d60       0x28 Drivers/STM32F4xx_HAL_Driver/Src/stm32f4xx_hal.o
                0x08000d60                HAL_Delay
 .text.HAL_NVIC_SetPriorityGrouping
                0x08000d88       0x24 Drivers/STM32F4xx_HAL_Driver/Src/stm32f4xx_hal_cortex.o
                0x08000d88                HAL_NVIC_SetPriorityGrouping
 .text.HAL_NVIC_SetPriority
                0x08000dac       0x68 Drivers/STM32F4xx_HAL_Driver/Src/stm32f4xx_hal_cortex.o
                0x08000dac                HAL_NVIC_SetPriority
 .text.HAL_NVIC_EnableIRQ
                0x08000e14       0x1c Drivers/STM32F4xx_HAL_Driver/Src/stm32f4xx_hal_cortex.o
                0x08000e14                HAL_NVIC_EnableIRQ
 .text.HAL_SYSTICK_Config
                0x08000e30       0x2c Drivers/STM32F4xx_HAL_Driver/Src/stm32f4xx_hal_cortex.o
                0x08000e30                HAL_SYSTICK_Config
 .text.HAL_GPIO_Init
                0x08000e5c      0x1bc Drivers/STM32F4xx_HAL_Driver/Src/stm32f4xx_hal_gpio.o
                0x08000e5c                HAL_GPIO_Init
 .text.HAL_GPIO_ReadPin
                0x08001018        0xe Drivers/STM32F4xx_HAL_Driver/Src/stm32f4xx_hal_gpio.o
                0x08001018                HAL_GPIO_ReadPin
 .text.HAL_GPIO_WritePin
                0x08001026        0xc Drivers/STM32F4xx_HAL_Driver/Src/stm32f4xx_hal_gpio.o
                0x08001026                HAL_GPIO_WritePin
 .text.HAL_GPIO_EXTI_Callback
                0x08001032        0x2 Drivers/STM32F4xx_HAL_Driver/Src/stm32f4xx_hal_gpio.o
                0x08001032                HAL_GPIO_EXTI_Callback
 .text.HAL_GPIO_EXTI_IRQHandler
                0x08001034       0x1c Drivers/STM32F4xx_HAL_Driver/Src/stm32f4xx_hal_gpio.o
                0x08001034                HAL_GPIO_EXTI_IRQHandler
 .text.I2C_IsAcknowledgeFailed
                0x08001050       0x32 Drivers/STM32F4xx_HAL_Driver/Src/stm32f4xx_hal_i2c.o
 .text.I2C_WaitOnFlagUntilTimeout
                0x08001082       0x70 Drivers/STM32F4xx_HAL_Driver/Src/stm32f4xx_hal_i2c.o
 .text.I2C_WaitOnMasterAddressFlagUntilTimeout
                0x080010f2       0xa4 Drivers/STM32F4xx_HAL_Driver/Src/stm32f4xx_hal_i2c.o
 *fill*         0x08001196        0x2 
 .text.I2C_MasterRequestWrite
                0x08001198       0xbc Drivers/STM32F4xx_HAL_Driver/Src/stm32f4xx_hal_i2c.o
 .text.I2C_MasterRequestRead
                0x08001254      0x128 Drivers/STM32F4xx_HAL_Driver/Src/stm32f4xx_hal_i2c.o
 .text.I2C_WaitOnTXEFlagUntilTimeout
                0x0800137c       0x54 Drivers/STM32F4xx_HAL_Driver/Src/stm32f4xx_hal_i2c.o
 .text.I2C_WaitOnBTFFlagUntilTimeout
                0x080013d0       0x54 Drivers/STM32F4xx_HAL_Driver/Src/stm32f4xx_hal_i2c.o
 .text.I2C_WaitOnRXNEFlagUntilTimeout
                0x08001424       0x6a Drivers/STM32F4xx_HAL_Driver/Src/stm32f4xx_hal_i2c.o
 *fill*         0x0800148e        0x2 
 .text.HAL_I2C_Init
                0x08001490      0x1b4 Drivers/STM32F4xx_HAL_Driver/Src/stm32f4xx_hal_i2c.o
                0x08001490                HAL_I2C_Init
 .text.HAL_I2C_Master_Transmit
                0x08001644      0x174 Drivers/STM32F4xx_HAL_Driver/Src/stm32f4xx_hal_i2c.o
                0x08001644                HAL_I2C_Master_Transmit
 .text.HAL_I2C_Master_Receive
                0x080017b8      0x2d0 Drivers/STM32F4xx_HAL_Driver/Src/stm32f4xx_hal_i2c.o
                0x080017b8                HAL_I2C_Master_Receive
 .text.HAL_I2C_IsDeviceReady
                0x08001a88      0x198 Drivers/STM32F4xx_HAL_Driver/Src/stm32f4xx_hal_i2c.o
                0x08001a88                HAL_I2C_IsDeviceReady
 .text.HAL_RCC_ClockConfig
                0x08001c20      0x160 Drivers/STM32F4xx_HAL_Driver/Src/stm32f4xx_hal_rcc.o
                0x08001c20                HAL_RCC_ClockConfig
 .text.HAL_RCC_GetHCLKFreq
                0x08001d80        0xc Drivers/STM32F4xx_HAL_Driver/Src/stm32f4xx_hal_rcc.o
                0x08001d80                HAL_RCC_GetHCLKFreq
 .text.HAL_RCC_GetPCLK1Freq
                0x08001d8c       0x20 Drivers/STM32F4xx_HAL_Driver/Src/stm32f4xx_hal_rcc.o
                0x08001d8c                HAL_RCC_GetPCLK1Freq
 .text.HAL_RCC_GetPCLK2Freq
                0x08001dac       0x20 Drivers/STM32F4xx_HAL_Driver/Src/stm32f4xx_hal_rcc.o
                0x08001dac                HAL_RCC_GetPCLK2Freq
 .text.HAL_RCC_GetSysClockFreq
                0x08001dcc      0x184 Drivers/STM32F4xx_HAL_Driver/Src/stm32f4xx_hal_rcc_ex.o
                0x08001dcc                HAL_RCC_GetSysClockFreq
 .text.HAL_RCC_OscConfig
                0x08001f50      0x3c4 Drivers/STM32F4xx_HAL_Driver/Src/stm32f4xx_hal_rcc_ex.o
                0x08001f50                HAL_RCC_OscConfig
 .text.UART_SetConfig
                0x08002314      0x218 Drivers/STM32F4xx_HAL_Driver/Src/stm32f4xx_hal_uart.o
 .text.UART_WaitOnFlagUntilTimeout
                0x0800252c       0x62 Drivers/STM32F4xx_HAL_Driver/Src/stm32f4xx_hal_uart.o
 .text.HAL_UART_Init
                0x0800258e       0x5e Drivers/STM32F4xx_HAL_Driver/Src/stm32f4xx_hal_uart.o
                0x0800258e                HAL_UART_Init
 .text.HAL_UART_Transmit
                0x080025ec       0xe2 Drivers/STM32F4xx_HAL_Driver/Src/stm32f4xx_hal_uart.o
                0x080025ec                HAL_UART_Transmit
 *fill*         0x080026ce        0x2 
 .text.Reset_Handler
                0x080026d0       0x50 startup/startup_stm32f446xx.o
                0x080026d0                Reset_Handler
 .text.Default_Handler
                0x08002720        0x2 startup/startup_stm32f446xx.o
                0x08002720                RTC_Alarm_IRQHandler
                0x08002720                EXTI2_IRQHandler
                0x08002720                TIM8_CC_IRQHandler
                0x08002720                FMPI2C1_EV_IRQHandler
                0x08002720                SPI4_IRQHandler
                0x08002720                TIM1_CC_IRQHandler
                0x08002720                DMA2_Stream5_IRQHandler
                0x08002720                DMA1_Stream5_IRQHandler
                0x08002720                PVD_IRQHandler
                0x08002720                SDIO_IRQHandler
                0x08002720                TAMP_STAMP_IRQHandler
                0x08002720                CAN2_RX1_IRQHandler
                0x08002720                EXTI3_IRQHandler
                0x08002720                TIM8_TRG_COM_TIM14_IRQHandler
                0x08002720                TIM1_UP_TIM10_IRQHandler
                0x08002720                TIM8_UP_TIM13_IRQHandler
                0x08002720                I2C3_ER_IRQHandler
                0x08002720                EXTI0_IRQHandler
                0x08002720                I2C2_EV_IRQHandler
                0x08002720                DMA1_Stream2_IRQHandler
                0x08002720                CAN1_RX0_IRQHandler
                0x08002720                FPU_IRQHandler
                0x08002720                OTG_HS_WKUP_IRQHandler
                0x08002720                CAN2_SCE_IRQHandler
                0x08002720                DMA2_Stream2_IRQHandler
                0x08002720                SPI1_IRQHandler
                0x08002720                TIM6_DAC_IRQHandler
                0x08002720                TIM1_BRK_TIM9_IRQHandler
                0x08002720                DCMI_IRQHandler
                0x08002720                CAN2_RX0_IRQHandler
                0x08002720                DMA2_Stream3_IRQHandler
                0x08002720                SAI2_IRQHandler
                0x08002720                USART6_IRQHandler
                0x08002720                USART3_IRQHandler
                0x08002720                CAN1_RX1_IRQHandler
                0x08002720                UART5_IRQHandler
                0x08002720                DMA2_Stream0_IRQHandler
                0x08002720                TIM4_IRQHandler
                0x08002720                QUADSPI_IRQHandler
                0x08002720                I2C1_EV_IRQHandler
                0x08002720                DMA1_Stream6_IRQHandler
                0x08002720                DMA1_Stream1_IRQHandler
                0x08002720                UART4_IRQHandler
                0x08002720                TIM3_IRQHandler
                0x08002720                RCC_IRQHandler
                0x08002720                TIM8_BRK_TIM12_IRQHandler
                0x08002720                Default_Handler
                0x08002720                CEC_IRQHandler
                0x08002720                EXTI15_10_IRQHandler
                0x08002720                ADC_IRQHandler
                0x08002720                DMA1_Stream7_IRQHandler
                0x08002720                TIM7_IRQHandler
                0x08002720                CAN2_TX_IRQHandler
                0x08002720                TIM5_IRQHandler
                0x08002720                DMA2_Stream7_IRQHandler
                0x08002720                I2C3_EV_IRQHandler
                0x08002720                RTC_WKUP_IRQHandler
                0x08002720                SPDIF_RX_IRQHandler
                0x08002720                SPI2_IRQHandler
                0x08002720                OTG_HS_EP1_IN_IRQHandler
                0x08002720                DMA1_Stream0_IRQHandler
                0x08002720                CAN1_TX_IRQHandler
                0x08002720                FMPI2C1_ER_IRQHandler
                0x08002720                EXTI4_IRQHandler
                0x08002720                OTG_HS_EP1_OUT_IRQHandler
                0x08002720                WWDG_IRQHandler
                0x08002720                TIM2_IRQHandler
                0x08002720                OTG_FS_WKUP_IRQHandler
                0x08002720                TIM1_TRG_COM_TIM11_IRQHandler
                0x08002720                OTG_HS_IRQHandler
                0x08002720                EXTI1_IRQHandler
                0x08002720                USART2_IRQHandler
                0x08002720                I2C2_ER_IRQHandler
                0x08002720                DMA2_Stream1_IRQHandler
                0x08002720                CAN1_SCE_IRQHandler
                0x08002720                FLASH_IRQHandler
                0x08002720                DMA2_Stream4_IRQHandler
                0x08002720                USART1_IRQHandler
                0x08002720                OTG_FS_IRQHandler
                0x08002720                SPI3_IRQHandler
                0x08002720                DMA1_Stream4_IRQHandler
                0x08002720                I2C1_ER_IRQHandler
                0x08002720                FMC_IRQHandler
                0x08002720                DMA2_Stream6_IRQHandler
                0x08002720                SAI1_IRQHandler
                0x08002720                DMA1_Stream3_IRQHandler
 *fill*         0x08002722        0x2 
 .text.__errno  0x08002724        0xc c:/ac6/systemworkbench/plugins/fr.ac6.mcu.externaltools.arm-none.win32_1.17.0.201812190825/tools/compiler/bin/../lib/gcc/arm-none-eabi/7.3.1/../../../../arm-none-eabi/lib/thumb/v7e-m/fpv4-sp/hard\libc_nano.a(lib_a-errno.o)
                0x08002724                __errno
 .text.__libc_init_array
                0x08002730       0x48 c:/ac6/systemworkbench/plugins/fr.ac6.mcu.externaltools.arm-none.win32_1.17.0.201812190825/tools/compiler/bin/../lib/gcc/arm-none-eabi/7.3.1/../../../../arm-none-eabi/lib/thumb/v7e-m/fpv4-sp/hard\libc_nano.a(lib_a-init.o)
                0x08002730                __libc_init_array
 .text.memset   0x08002778       0x10 c:/ac6/systemworkbench/plugins/fr.ac6.mcu.externaltools.arm-none.win32_1.17.0.201812190825/tools/compiler/bin/../lib/gcc/arm-none-eabi/7.3.1/../../../../arm-none-eabi/lib/thumb/v7e-m/fpv4-sp/hard\libc_nano.a(lib_a-memset.o)
                0x08002778                memset
 .text.printf   0x08002788       0x30 c:/ac6/systemworkbench/plugins/fr.ac6.mcu.externaltools.arm-none.win32_1.17.0.201812190825/tools/compiler/bin/../lib/gcc/arm-none-eabi/7.3.1/../../../../arm-none-eabi/lib/thumb/v7e-m/fpv4-sp/hard\libc_nano.a(lib_a-printf.o)
                0x08002788                iprintf
                0x08002788                printf
 .text.std      0x080027b8       0x48 c:/ac6/systemworkbench/plugins/fr.ac6.mcu.externaltools.arm-none.win32_1.17.0.201812190825/tools/compiler/bin/../lib/gcc/arm-none-eabi/7.3.1/../../../../arm-none-eabi/lib/thumb/v7e-m/fpv4-sp/hard\libc_nano.a(lib_a-findfp.o)
 .text._cleanup_r
                0x08002800        0xc c:/ac6/systemworkbench/plugins/fr.ac6.mcu.externaltools.arm-none.win32_1.17.0.201812190825/tools/compiler/bin/../lib/gcc/arm-none-eabi/7.3.1/../../../../arm-none-eabi/lib/thumb/v7e-m/fpv4-sp/hard\libc_nano.a(lib_a-findfp.o)
                0x08002800                _cleanup_r
 .text.__sfmoreglue
                0x0800280c       0x2c c:/ac6/systemworkbench/plugins/fr.ac6.mcu.externaltools.arm-none.win32_1.17.0.201812190825/tools/compiler/bin/../lib/gcc/arm-none-eabi/7.3.1/../../../../arm-none-eabi/lib/thumb/v7e-m/fpv4-sp/hard\libc_nano.a(lib_a-findfp.o)
                0x0800280c                __sfmoreglue
 .text.__sinit  0x08002838       0x60 c:/ac6/systemworkbench/plugins/fr.ac6.mcu.externaltools.arm-none.win32_1.17.0.201812190825/tools/compiler/bin/../lib/gcc/arm-none-eabi/7.3.1/../../../../arm-none-eabi/lib/thumb/v7e-m/fpv4-sp/hard\libc_nano.a(lib_a-findfp.o)
                0x08002838                __sinit
 .text.__sfp    0x08002898       0x78 c:/ac6/systemworkbench/plugins/fr.ac6.mcu.externaltools.arm-none.win32_1.17.0.201812190825/tools/compiler/bin/../lib/gcc/arm-none-eabi/7.3.1/../../../../arm-none-eabi/lib/thumb/v7e-m/fpv4-sp/hard\libc_nano.a(lib_a-findfp.o)
                0x08002898                __sfp
 .text._fwalk_reent
                0x08002910       0x3c c:/ac6/systemworkbench/plugins/fr.ac6.mcu.externaltools.arm-none.win32_1.17.0.201812190825/tools/compiler/bin/../lib/gcc/arm-none-eabi/7.3.1/../../../../arm-none-eabi/lib/thumb/v7e-m/fpv4-sp/hard\libc_nano.a(lib_a-fwalk.o)
                0x08002910                _fwalk_reent
 .text._malloc_r
                0x0800294c       0xb4 c:/ac6/systemworkbench/plugins/fr.ac6.mcu.externaltools.arm-none.win32_1.17.0.201812190825/tools/compiler/bin/../lib/gcc/arm-none-eabi/7.3.1/../../../../arm-none-eabi/lib/thumb/v7e-m/fpv4-sp/hard\libc_nano.a(lib_a-nano-mallocr.o)
                0x0800294c                _malloc_r
 .text.__sfputc_r
                0x08002a00       0x2e c:/ac6/systemworkbench/plugins/fr.ac6.mcu.externaltools.arm-none.win32_1.17.0.201812190825/tools/compiler/bin/../lib/gcc/arm-none-eabi/7.3.1/../../../../arm-none-eabi/lib/thumb/v7e-m/fpv4-sp/hard\libc_nano.a(lib_a-nano-vfprintf.o)
 .text.__sfputs_r
                0x08002a2e       0x24 c:/ac6/systemworkbench/plugins/fr.ac6.mcu.externaltools.arm-none.win32_1.17.0.201812190825/tools/compiler/bin/../lib/gcc/arm-none-eabi/7.3.1/../../../../arm-none-eabi/lib/thumb/v7e-m/fpv4-sp/hard\libc_nano.a(lib_a-nano-vfprintf.o)
                0x08002a2e                __sfputs_r
 *fill*         0x08002a52        0x2 
 .text._vfprintf_r
                0x08002a54      0x22c c:/ac6/systemworkbench/plugins/fr.ac6.mcu.externaltools.arm-none.win32_1.17.0.201812190825/tools/compiler/bin/../lib/gcc/arm-none-eabi/7.3.1/../../../../arm-none-eabi/lib/thumb/v7e-m/fpv4-sp/hard\libc_nano.a(lib_a-nano-vfprintf.o)
                0x08002a54                _vfprintf_r
                0x08002a54                _vfiprintf_r
 .text._printf_common
                0x08002c80       0xea c:/ac6/systemworkbench/plugins/fr.ac6.mcu.externaltools.arm-none.win32_1.17.0.201812190825/tools/compiler/bin/../lib/gcc/arm-none-eabi/7.3.1/../../../../arm-none-eabi/lib/thumb/v7e-m/fpv4-sp/hard\libc_nano.a(lib_a-nano-vfprintf_i.o)
                0x08002c80                _printf_common
 *fill*         0x08002d6a        0x2 
 .text._printf_i
                0x08002d6c      0x224 c:/ac6/systemworkbench/plugins/fr.ac6.mcu.externaltools.arm-none.win32_1.17.0.201812190825/tools/compiler/bin/../lib/gcc/arm-none-eabi/7.3.1/../../../../arm-none-eabi/lib/thumb/v7e-m/fpv4-sp/hard\libc_nano.a(lib_a-nano-vfprintf_i.o)
                0x08002d6c                _printf_i
 .text._sbrk_r  0x08002f90       0x20 c:/ac6/systemworkbench/plugins/fr.ac6.mcu.externaltools.arm-none.win32_1.17.0.201812190825/tools/compiler/bin/../lib/gcc/arm-none-eabi/7.3.1/../../../../arm-none-eabi/lib/thumb/v7e-m/fpv4-sp/hard\libc_nano.a(lib_a-sbrkr.o)
                0x08002f90                _sbrk_r
 .text.__sread  0x08002fb0       0x22 c:/ac6/systemworkbench/plugins/fr.ac6.mcu.externaltools.arm-none.win32_1.17.0.201812190825/tools/compiler/bin/../lib/gcc/arm-none-eabi/7.3.1/../../../../arm-none-eabi/lib/thumb/v7e-m/fpv4-sp/hard\libc_nano.a(lib_a-stdio.o)
                0x08002fb0                __sread
 .text.__swrite
                0x08002fd2       0x38 c:/ac6/systemworkbench/plugins/fr.ac6.mcu.externaltools.arm-none.win32_1.17.0.201812190825/tools/compiler/bin/../lib/gcc/arm-none-eabi/7.3.1/../../../../arm-none-eabi/lib/thumb/v7e-m/fpv4-sp/hard\libc_nano.a(lib_a-stdio.o)
                0x08002fd2                __swrite
 .text.__sseek  0x0800300a       0x24 c:/ac6/systemworkbench/plugins/fr.ac6.mcu.externaltools.arm-none.win32_1.17.0.201812190825/tools/compiler/bin/../lib/gcc/arm-none-eabi/7.3.1/../../../../arm-none-eabi/lib/thumb/v7e-m/fpv4-sp/hard\libc_nano.a(lib_a-stdio.o)
                0x0800300a                __sseek
 .text.__sclose
                0x0800302e        0x8 c:/ac6/systemworkbench/plugins/fr.ac6.mcu.externaltools.arm-none.win32_1.17.0.201812190825/tools/compiler/bin/../lib/gcc/arm-none-eabi/7.3.1/../../../../arm-none-eabi/lib/thumb/v7e-m/fpv4-sp/hard\libc_nano.a(lib_a-stdio.o)
                0x0800302e                __sclose
 *fill*         0x08003036        0x2 
 .text.__swbuf_r
                0x08003038       0xa4 c:/ac6/systemworkbench/plugins/fr.ac6.mcu.externaltools.arm-none.win32_1.17.0.201812190825/tools/compiler/bin/../lib/gcc/arm-none-eabi/7.3.1/../../../../arm-none-eabi/lib/thumb/v7e-m/fpv4-sp/hard\libc_nano.a(lib_a-wbuf.o)
                0x08003038                __swbuf_r
 .text._write_r
                0x080030dc       0x24 c:/ac6/systemworkbench/plugins/fr.ac6.mcu.externaltools.arm-none.win32_1.17.0.201812190825/tools/compiler/bin/../lib/gcc/arm-none-eabi/7.3.1/../../../../arm-none-eabi/lib/thumb/v7e-m/fpv4-sp/hard\libc_nano.a(lib_a-writer.o)
                0x080030dc                _write_r
 .text.__swsetup_r
                0x08003100       0xdc c:/ac6/systemworkbench/plugins/fr.ac6.mcu.externaltools.arm-none.win32_1.17.0.201812190825/tools/compiler/bin/../lib/gcc/arm-none-eabi/7.3.1/../../../../arm-none-eabi/lib/thumb/v7e-m/fpv4-sp/hard\libc_nano.a(lib_a-wsetup.o)
                0x08003100                __swsetup_r
 .text._close_r
                0x080031dc       0x20 c:/ac6/systemworkbench/plugins/fr.ac6.mcu.externaltools.arm-none.win32_1.17.0.201812190825/tools/compiler/bin/../lib/gcc/arm-none-eabi/7.3.1/../../../../arm-none-eabi/lib/thumb/v7e-m/fpv4-sp/hard\libc_nano.a(lib_a-closer.o)
                0x080031dc                _close_r
 .text.__sflush_r
                0x080031fc      0x10c c:/ac6/systemworkbench/plugins/fr.ac6.mcu.externaltools.arm-none.win32_1.17.0.201812190825/tools/compiler/bin/../lib/gcc/arm-none-eabi/7.3.1/../../../../arm-none-eabi/lib/thumb/v7e-m/fpv4-sp/hard\libc_nano.a(lib_a-fflush.o)
                0x080031fc                __sflush_r
 .text._fflush_r
                0x08003308       0x54 c:/ac6/systemworkbench/plugins/fr.ac6.mcu.externaltools.arm-none.win32_1.17.0.201812190825/tools/compiler/bin/../lib/gcc/arm-none-eabi/7.3.1/../../../../arm-none-eabi/lib/thumb/v7e-m/fpv4-sp/hard\libc_nano.a(lib_a-fflush.o)
                0x08003308                _fflush_r
 .text._lseek_r
                0x0800335c       0x24 c:/ac6/systemworkbench/plugins/fr.ac6.mcu.externaltools.arm-none.win32_1.17.0.201812190825/tools/compiler/bin/../lib/gcc/arm-none-eabi/7.3.1/../../../../arm-none-eabi/lib/thumb/v7e-m/fpv4-sp/hard\libc_nano.a(lib_a-lseekr.o)
                0x0800335c                _lseek_r
 .text.__swhatbuf_r
                0x08003380       0x48 c:/ac6/systemworkbench/plugins/fr.ac6.mcu.externaltools.arm-none.win32_1.17.0.201812190825/tools/compiler/bin/../lib/gcc/arm-none-eabi/7.3.1/../../../../arm-none-eabi/lib/thumb/v7e-m/fpv4-sp/hard\libc_nano.a(lib_a-makebuf.o)
                0x08003380                __swhatbuf_r
 .text.__smakebuf_r
                0x080033c8       0x80 c:/ac6/systemworkbench/plugins/fr.ac6.mcu.externaltools.arm-none.win32_1.17.0.201812190825/tools/compiler/bin/../lib/gcc/arm-none-eabi/7.3.1/../../../../arm-none-eabi/lib/thumb/v7e-m/fpv4-sp/hard\libc_nano.a(lib_a-makebuf.o)
                0x080033c8                __smakebuf_r
 .text.__malloc_lock
                0x08003448        0x2 c:/ac6/systemworkbench/plugins/fr.ac6.mcu.externaltools.arm-none.win32_1.17.0.201812190825/tools/compiler/bin/../lib/gcc/arm-none-eabi/7.3.1/../../../../arm-none-eabi/lib/thumb/v7e-m/fpv4-sp/hard\libc_nano.a(lib_a-mlock.o)
                0x08003448                __malloc_lock
 .text.__malloc_unlock
                0x0800344a        0x2 c:/ac6/systemworkbench/plugins/fr.ac6.mcu.externaltools.arm-none.win32_1.17.0.201812190825/tools/compiler/bin/../lib/gcc/arm-none-eabi/7.3.1/../../../../arm-none-eabi/lib/thumb/v7e-m/fpv4-sp/hard\libc_nano.a(lib_a-mlock.o)
                0x0800344a                __malloc_unlock
 .text._free_r  0x0800344c       0x9c c:/ac6/systemworkbench/plugins/fr.ac6.mcu.externaltools.arm-none.win32_1.17.0.201812190825/tools/compiler/bin/../lib/gcc/arm-none-eabi/7.3.1/../../../../arm-none-eabi/lib/thumb/v7e-m/fpv4-sp/hard\libc_nano.a(lib_a-nano-freer.o)
                0x0800344c                _free_r
 .text._read_r  0x080034e8       0x24 c:/ac6/systemworkbench/plugins/fr.ac6.mcu.externaltools.arm-none.win32_1.17.0.201812190825/tools/compiler/bin/../lib/gcc/arm-none-eabi/7.3.1/../../../../arm-none-eabi/lib/thumb/v7e-m/fpv4-sp/hard\libc_nano.a(lib_a-readr.o)
                0x080034e8                _read_r
 .text._fstat_r
                0x0800350c       0x24 c:/ac6/systemworkbench/plugins/fr.ac6.mcu.externaltools.arm-none.win32_1.17.0.201812190825/tools/compiler/bin/../lib/gcc/arm-none-eabi/7.3.1/../../../../arm-none-eabi/lib/thumb/v7e-m/fpv4-sp/hard\libc_nano.a(lib_a-fstatr.o)
                0x0800350c                _fstat_r
 .text._isatty_r
                0x08003530       0x20 c:/ac6/systemworkbench/plugins/fr.ac6.mcu.externaltools.arm-none.win32_1.17.0.201812190825/tools/compiler/bin/../lib/gcc/arm-none-eabi/7.3.1/../../../../arm-none-eabi/lib/thumb/v7e-m/fpv4-sp/hard\libc_nano.a(lib_a-isattyr.o)
                0x08003530                _isatty_r
 *(.glue_7)
 .glue_7        0x08003550        0x0 linker stubs
 *(.glue_7t)
 .glue_7t       0x08003550        0x0 linker stubs
 *(.eh_frame)
 .eh_frame      0x08003550        0x0 c:/ac6/systemworkbench/plugins/fr.ac6.mcu.externaltools.arm-none.win32_1.17.0.201812190825/tools/compiler/bin/../lib/gcc/arm-none-eabi/7.3.1/thumb/v7e-m/fpv4-sp/hard/crtbegin.o
 *(.init)
 .init          0x08003550        0x4 c:/ac6/systemworkbench/plugins/fr.ac6.mcu.externaltools.arm-none.win32_1.17.0.201812190825/tools/compiler/bin/../lib/gcc/arm-none-eabi/7.3.1/thumb/v7e-m/fpv4-sp/hard/crti.o
                0x08003550                _init
 .init          0x08003554        0x8 c:/ac6/systemworkbench/plugins/fr.ac6.mcu.externaltools.arm-none.win32_1.17.0.201812190825/tools/compiler/bin/../lib/gcc/arm-none-eabi/7.3.1/thumb/v7e-m/fpv4-sp/hard/crtn.o
 *(.fini)
 .fini          0x0800355c        0x4 c:/ac6/systemworkbench/plugins/fr.ac6.mcu.externaltools.arm-none.win32_1.17.0.201812190825/tools/compiler/bin/../lib/gcc/arm-none-eabi/7.3.1/thumb/v7e-m/fpv4-sp/hard/crti.o
                0x0800355c                _fini
 .fini          0x08003560        0x8 c:/ac6/systemworkbench/plugins/fr.ac6.mcu.externaltools.arm-none.win32_1.17.0.201812190825/tools/compiler/bin/../lib/gcc/arm-none-eabi/7.3.1/thumb/v7e-m/fpv4-sp/hard/crtn.o
                0x08003568                . = ALIGN (0x4)
                0x08003568                _etext = .

.vfp11_veneer   0x08003568        0x0
 .vfp11_veneer  0x08003568        0x0 linker stubs

.v4_bx          0x08003568        0x0
 .v4_bx         0x08003568        0x0 linker stubs

.iplt           0x08003568        0x0
 .iplt          0x08003568        0x0 c:/ac6/systemworkbench/plugins/fr.ac6.mcu.externaltools.arm-none.win32_1.17.0.201812190825/tools/compiler/bin/../lib/gcc/arm-none-eabi/7.3.1/thumb/v7e-m/fpv4-sp/hard/crtbegin.o

.rodata         0x08003568       0xc4
                0x08003568                . = ALIGN (0x4)
 *(.rodata)
 .rodata        0x08003568       0x18 Core/Src/system_stm32f4xx.o
                0x08003568                AHBPrescTable
                0x08003578                APBPrescTable
 *(.rodata*)
 .rodata.str1.4
                0x08003580       0x14 Core/Src/main.o
                                 0x11 (size before relaxing)
 .rodata._global_impure_ptr
                0x08003594        0x4 c:/ac6/systemworkbench/plugins/fr.ac6.mcu.externaltools.arm-none.win32_1.17.0.201812190825/tools/compiler/bin/../lib/gcc/arm-none-eabi/7.3.1/../../../../arm-none-eabi/lib/thumb/v7e-m/fpv4-sp/hard\libc_nano.a(lib_a-impure.o)
                0x08003594                _global_impure_ptr
 .rodata.__sf_fake_stderr
                0x08003598       0x20 c:/ac6/systemworkbench/plugins/fr.ac6.mcu.externaltools.arm-none.win32_1.17.0.201812190825/tools/compiler/bin/../lib/gcc/arm-none-eabi/7.3.1/../../../../arm-none-eabi/lib/thumb/v7e-m/fpv4-sp/hard\libc_nano.a(lib_a-findfp.o)
                0x08003598                __sf_fake_stderr
 .rodata.__sf_fake_stdin
                0x080035b8       0x20 c:/ac6/systemworkbench/plugins/fr.ac6.mcu.externaltools.arm-none.win32_1.17.0.201812190825/tools/compiler/bin/../lib/gcc/arm-none-eabi/7.3.1/../../../../arm-none-eabi/lib/thumb/v7e-m/fpv4-sp/hard\libc_nano.a(lib_a-findfp.o)
                0x080035b8                __sf_fake_stdin
 .rodata.__sf_fake_stdout
                0x080035d8       0x20 c:/ac6/systemworkbench/plugins/fr.ac6.mcu.externaltools.arm-none.win32_1.17.0.201812190825/tools/compiler/bin/../lib/gcc/arm-none-eabi/7.3.1/../../../../arm-none-eabi/lib/thumb/v7e-m/fpv4-sp/hard\libc_nano.a(lib_a-findfp.o)
                0x080035d8                __sf_fake_stdout
 .rodata._vfprintf_r.str1.1
                0x080035f8       0x11 c:/ac6/systemworkbench/plugins/fr.ac6.mcu.externaltools.arm-none.win32_1.17.0.201812190825/tools/compiler/bin/../lib/gcc/arm-none-eabi/7.3.1/../../../../arm-none-eabi/lib/thumb/v7e-m/fpv4-sp/hard\libc_nano.a(lib_a-nano-vfprintf.o)
 .rodata._printf_i.str1.1
                0x08003609       0x22 c:/ac6/systemworkbench/plugins/fr.ac6.mcu.externaltools.arm-none.win32_1.17.0.201812190825/tools/compiler/bin/../lib/gcc/arm-none-eabi/7.3.1/../../../../arm-none-eabi/lib/thumb/v7e-m/fpv4-sp/hard\libc_nano.a(lib_a-nano-vfprintf_i.o)
                0x0800362c                . = ALIGN (0x4)
 *fill*         0x0800362b        0x1 

.ARM.extab
 *(.ARM.extab* .gnu.linkonce.armextab.*)

.ARM            0x0800362c        0x8
                0x0800362c                __exidx_start = .
 *(.ARM.exidx*)
 .ARM.exidx     0x0800362c        0x8 c:/ac6/systemworkbench/plugins/fr.ac6.mcu.externaltools.arm-none.win32_1.17.0.201812190825/tools/compiler/bin/../lib/gcc/arm-none-eabi/7.3.1/thumb/v7e-m/fpv4-sp/hard\libgcc.a(_udivmoddi4.o)
                0x08003634                __exidx_end = .

.rel.dyn        0x08003634        0x0
 .rel.iplt      0x08003634        0x0 c:/ac6/systemworkbench/plugins/fr.ac6.mcu.externaltools.arm-none.win32_1.17.0.201812190825/tools/compiler/bin/../lib/gcc/arm-none-eabi/7.3.1/thumb/v7e-m/fpv4-sp/hard/crtbegin.o

.preinit_array  0x08003634        0x0
                0x08003634                PROVIDE (__preinit_array_start = .)
 *(.preinit_array*)
                0x08003634                PROVIDE (__preinit_array_end = .)

.init_array     0x08003634        0x4
                0x08003634                PROVIDE (__init_array_start = .)
 *(SORT_BY_NAME(.init_array.*))
 *(.init_array*)
 .init_array    0x08003634        0x4 c:/ac6/systemworkbench/plugins/fr.ac6.mcu.externaltools.arm-none.win32_1.17.0.201812190825/tools/compiler/bin/../lib/gcc/arm-none-eabi/7.3.1/thumb/v7e-m/fpv4-sp/hard/crtbegin.o
                0x08003638                PROVIDE (__init_array_end = .)

.fini_array     0x08003638        0x4
                [!provide]                PROVIDE (__fini_array_start = .)
 *(SORT_BY_NAME(.fini_array.*))
 *(.fini_array*)
 .fini_array    0x08003638        0x4 c:/ac6/systemworkbench/plugins/fr.ac6.mcu.externaltools.arm-none.win32_1.17.0.201812190825/tools/compiler/bin/../lib/gcc/arm-none-eabi/7.3.1/thumb/v7e-m/fpv4-sp/hard/crtbegin.o
                [!provide]                PROVIDE (__fini_array_end = .)
                0x0800363c                _sidata = LOADADDR (.data)

.data           0x20000000       0x74 load address 0x0800363c
                0x20000000                . = ALIGN (0x4)
                0x20000000                _sdata = .
 *(.data)
 .data          0x20000000        0x4 Core/Src/stm32f4xx_it.o
                0x20000000                get
 .data          0x20000004        0x4 Core/Src/system_stm32f4xx.o
                0x20000004                SystemCoreClock
 .data          0x20000008        0x8 Drivers/STM32F4xx_HAL_Driver/Src/stm32f4xx_hal.o
                0x20000008                uwTickFreq
                0x2000000c                uwTickPrio
 *(.data*)
 .data._impure_ptr
                0x20000010        0x4 c:/ac6/systemworkbench/plugins/fr.ac6.mcu.externaltools.arm-none.win32_1.17.0.201812190825/tools/compiler/bin/../lib/gcc/arm-none-eabi/7.3.1/../../../../arm-none-eabi/lib/thumb/v7e-m/fpv4-sp/hard\libc_nano.a(lib_a-impure.o)
                0x20000010                _impure_ptr
 .data.impure_data
                0x20000014       0x60 c:/ac6/systemworkbench/plugins/fr.ac6.mcu.externaltools.arm-none.win32_1.17.0.201812190825/tools/compiler/bin/../lib/gcc/arm-none-eabi/7.3.1/../../../../arm-none-eabi/lib/thumb/v7e-m/fpv4-sp/hard\libc_nano.a(lib_a-impure.o)
                0x20000074                . = ALIGN (0x4)
                0x20000074                _edata = .

.igot.plt       0x20000074        0x0 load address 0x080036b0
 .igot.plt      0x20000074        0x0 c:/ac6/systemworkbench/plugins/fr.ac6.mcu.externaltools.arm-none.win32_1.17.0.201812190825/tools/compiler/bin/../lib/gcc/arm-none-eabi/7.3.1/thumb/v7e-m/fpv4-sp/hard/crtbegin.o
                0x20000074                . = ALIGN (0x4)

.bss            0x20000074      0x134 load address 0x080036b0
                0x20000074                _sbss = .
                0x20000074                __bss_start__ = _sbss
 *(.bss)
 .bss           0x20000074       0x1c c:/ac6/systemworkbench/plugins/fr.ac6.mcu.externaltools.arm-none.win32_1.17.0.201812190825/tools/compiler/bin/../lib/gcc/arm-none-eabi/7.3.1/thumb/v7e-m/fpv4-sp/hard/crtbegin.o
 .bss           0x20000090        0x8 Core/Src/syscalls.o
                0x20000094                __env
 *(.bss*)
 .bss.__malloc_free_list
                0x20000098        0x4 c:/ac6/systemworkbench/plugins/fr.ac6.mcu.externaltools.arm-none.win32_1.17.0.201812190825/tools/compiler/bin/../lib/gcc/arm-none-eabi/7.3.1/../../../../arm-none-eabi/lib/thumb/v7e-m/fpv4-sp/hard\libc_nano.a(lib_a-nano-mallocr.o)
                0x20000098                __malloc_free_list
 .bss.__malloc_sbrk_start
                0x2000009c        0x4 c:/ac6/systemworkbench/plugins/fr.ac6.mcu.externaltools.arm-none.win32_1.17.0.201812190825/tools/compiler/bin/../lib/gcc/arm-none-eabi/7.3.1/../../../../arm-none-eabi/lib/thumb/v7e-m/fpv4-sp/hard\libc_nano.a(lib_a-nano-mallocr.o)
                0x2000009c                __malloc_sbrk_start
 *(COMMON)
 COMMON         0x200000a0       0x54 Core/Src/i2c.o
                0x200000a0                hi2c1
 COMMON         0x200000f4       0x5f Core/Src/main.o
                0x200000f4                ack
                0x200000f8                Invert
                0x20000100                sendbuf
                0x20000140                Helli
                0x20000147                bcc
                0x20000148                loeschen
                0x20000150                ret
                0x20000151                len
                0x20000152                status
 *fill*         0x20000153        0x1 
 COMMON         0x20000154        0xa Core/Src/stm32f4xx_it.o
                0x20000154                abfragepuffer
 *fill*         0x2000015e        0x2 
 COMMON         0x20000160       0x40 Core/Src/usart.o
                0x20000160                huart2
 COMMON         0x200001a0        0x4 Drivers/STM32F4xx_HAL_Driver/Src/stm32f4xx_hal.o
                0x200001a0                uwTick
 COMMON         0x200001a4        0x4 c:/ac6/systemworkbench/plugins/fr.ac6.mcu.externaltools.arm-none.win32_1.17.0.201812190825/tools/compiler/bin/../lib/gcc/arm-none-eabi/7.3.1/../../../../arm-none-eabi/lib/thumb/v7e-m/fpv4-sp/hard\libc_nano.a(lib_a-reent.o)
                0x200001a4                errno
                0x200001a8                . = ALIGN (0x4)
                0x200001a8                _ebss = .
                0x200001a8                __bss_end__ = _ebss

._user_heap_stack
                0x200001a8      0x600 load address 0x080036b0
                0x200001a8                . = ALIGN (0x8)
                0x200001a8                PROVIDE (end = .)
                [!provide]                PROVIDE (_end = .)
                0x200003a8                . = (. + _Min_Heap_Size)
 *fill*         0x200001a8      0x200 
                0x200007a8                . = (. + _Min_Stack_Size)
 *fill*         0x200003a8      0x400 
                0x200007a8                . = ALIGN (0x8)

/DISCARD/
 libc.a(*)
 libm.a(*)
 libgcc.a(*)

.ARM.attributes
                0x00000000       0x30
 *(.ARM.attributes)
 .ARM.attributes
                0x00000000       0x22 c:/ac6/systemworkbench/plugins/fr.ac6.mcu.externaltools.arm-none.win32_1.17.0.201812190825/tools/compiler/bin/../lib/gcc/arm-none-eabi/7.3.1/thumb/v7e-m/fpv4-sp/hard/crti.o
 .ARM.attributes
                0x00000022       0x34 c:/ac6/systemworkbench/plugins/fr.ac6.mcu.externaltools.arm-none.win32_1.17.0.201812190825/tools/compiler/bin/../lib/gcc/arm-none-eabi/7.3.1/thumb/v7e-m/fpv4-sp/hard/crtbegin.o
 .ARM.attributes
                0x00000056       0x39 Core/Src/gpio.o
 .ARM.attributes
                0x0000008f       0x39 Core/Src/i2c.o
 .ARM.attributes
                0x000000c8       0x39 Core/Src/main.o
 .ARM.attributes
                0x00000101       0x39 Core/Src/stm32f4xx_hal_msp.o
 .ARM.attributes
                0x0000013a       0x39 Core/Src/stm32f4xx_it.o
 .ARM.attributes
                0x00000173       0x39 Core/Src/syscalls.o
 .ARM.attributes
                0x000001ac       0x39 Core/Src/system_stm32f4xx.o
 .ARM.attributes
                0x000001e5       0x39 Core/Src/usart.o
 .ARM.attributes
                0x0000021e       0x39 Drivers/STM32F4xx_HAL_Driver/Src/stm32f4xx_hal.o
 .ARM.attributes
                0x00000257       0x39 Drivers/STM32F4xx_HAL_Driver/Src/stm32f4xx_hal_cortex.o
 .ARM.attributes
                0x00000290       0x39 Drivers/STM32F4xx_HAL_Driver/Src/stm32f4xx_hal_gpio.o
 .ARM.attributes
                0x000002c9       0x39 Drivers/STM32F4xx_HAL_Driver/Src/stm32f4xx_hal_i2c.o
 .ARM.attributes
                0x00000302       0x39 Drivers/STM32F4xx_HAL_Driver/Src/stm32f4xx_hal_rcc.o
 .ARM.attributes
                0x0000033b       0x39 Drivers/STM32F4xx_HAL_Driver/Src/stm32f4xx_hal_rcc_ex.o
 .ARM.attributes
                0x00000374       0x39 Drivers/STM32F4xx_HAL_Driver/Src/stm32f4xx_hal_uart.o
 .ARM.attributes
                0x000003ad       0x21 startup/startup_stm32f446xx.o
 .ARM.attributes
                0x000003ce       0x22 c:/ac6/systemworkbench/plugins/fr.ac6.mcu.externaltools.arm-none.win32_1.17.0.201812190825/tools/compiler/bin/../lib/gcc/arm-none-eabi/7.3.1/thumb/v7e-m/fpv4-sp/hard\libgcc.a(_aeabi_uldivmod.o)
 .ARM.attributes
                0x000003f0       0x34 c:/ac6/systemworkbench/plugins/fr.ac6.mcu.externaltools.arm-none.win32_1.17.0.201812190825/tools/compiler/bin/../lib/gcc/arm-none-eabi/7.3.1/thumb/v7e-m/fpv4-sp/hard\libgcc.a(_udivmoddi4.o)
 .ARM.attributes
                0x00000424       0x22 c:/ac6/systemworkbench/plugins/fr.ac6.mcu.externaltools.arm-none.win32_1.17.0.201812190825/tools/compiler/bin/../lib/gcc/arm-none-eabi/7.3.1/thumb/v7e-m/fpv4-sp/hard\libgcc.a(_dvmd_tls.o)
 .ARM.attributes
                0x00000446       0x34 c:/ac6/systemworkbench/plugins/fr.ac6.mcu.externaltools.arm-none.win32_1.17.0.201812190825/tools/compiler/bin/../lib/gcc/arm-none-eabi/7.3.1/../../../../arm-none-eabi/lib/thumb/v7e-m/fpv4-sp/hard\libc_nano.a(lib_a-errno.o)
 .ARM.attributes
                0x0000047a       0x34 c:/ac6/systemworkbench/plugins/fr.ac6.mcu.externaltools.arm-none.win32_1.17.0.201812190825/tools/compiler/bin/../lib/gcc/arm-none-eabi/7.3.1/../../../../arm-none-eabi/lib/thumb/v7e-m/fpv4-sp/hard\libc_nano.a(lib_a-impure.o)
 .ARM.attributes
                0x000004ae       0x34 c:/ac6/systemworkbench/plugins/fr.ac6.mcu.externaltools.arm-none.win32_1.17.0.201812190825/tools/compiler/bin/../lib/gcc/arm-none-eabi/7.3.1/../../../../arm-none-eabi/lib/thumb/v7e-m/fpv4-sp/hard\libc_nano.a(lib_a-init.o)
 .ARM.attributes
                0x000004e2       0x34 c:/ac6/systemworkbench/plugins/fr.ac6.mcu.externaltools.arm-none.win32_1.17.0.201812190825/tools/compiler/bin/../lib/gcc/arm-none-eabi/7.3.1/../../../../arm-none-eabi/lib/thumb/v7e-m/fpv4-sp/hard\libc_nano.a(lib_a-memset.o)
 .ARM.attributes
                0x00000516       0x34 c:/ac6/systemworkbench/plugins/fr.ac6.mcu.externaltools.arm-none.win32_1.17.0.201812190825/tools/compiler/bin/../lib/gcc/arm-none-eabi/7.3.1/../../../../arm-none-eabi/lib/thumb/v7e-m/fpv4-sp/hard\libc_nano.a(lib_a-printf.o)
 .ARM.attributes
                0x0000054a       0x1b c:/ac6/systemworkbench/plugins/fr.ac6.mcu.externaltools.arm-none.win32_1.17.0.201812190825/tools/compiler/bin/../lib/gcc/arm-none-eabi/7.3.1/../../../../arm-none-eabi/lib/thumb/v7e-m/fpv4-sp/hard\libc_nano.a(lib_a-strlen.o)
 .ARM.attributes
                0x00000565       0x34 c:/ac6/systemworkbench/plugins/fr.ac6.mcu.externaltools.arm-none.win32_1.17.0.201812190825/tools/compiler/bin/../lib/gcc/arm-none-eabi/7.3.1/../../../../arm-none-eabi/lib/thumb/v7e-m/fpv4-sp/hard\libc_nano.a(lib_a-findfp.o)
 .ARM.attributes
                0x00000599       0x34 c:/ac6/systemworkbench/plugins/fr.ac6.mcu.externaltools.arm-none.win32_1.17.0.201812190825/tools/compiler/bin/../lib/gcc/arm-none-eabi/7.3.1/../../../../arm-none-eabi/lib/thumb/v7e-m/fpv4-sp/hard\libc_nano.a(lib_a-fwalk.o)
 .ARM.attributes
                0x000005cd       0x34 c:/ac6/systemworkbench/plugins/fr.ac6.mcu.externaltools.arm-none.win32_1.17.0.201812190825/tools/compiler/bin/../lib/gcc/arm-none-eabi/7.3.1/../../../../arm-none-eabi/lib/thumb/v7e-m/fpv4-sp/hard\libc_nano.a(lib_a-nano-mallocr.o)
 .ARM.attributes
                0x00000601       0x34 c:/ac6/systemworkbench/plugins/fr.ac6.mcu.externaltools.arm-none.win32_1.17.0.201812190825/tools/compiler/bin/../lib/gcc/arm-none-eabi/7.3.1/../../../../arm-none-eabi/lib/thumb/v7e-m/fpv4-sp/hard\libc_nano.a(lib_a-nano-vfprintf.o)
 .ARM.attributes
                0x00000635       0x34 c:/ac6/systemworkbench/plugins/fr.ac6.mcu.externaltools.arm-none.win32_1.17.0.201812190825/tools/compiler/bin/../lib/gcc/arm-none-eabi/7.3.1/../../../../arm-none-eabi/lib/thumb/v7e-m/fpv4-sp/hard\libc_nano.a(lib_a-nano-vfprintf_i.o)
 .ARM.attributes
                0x00000669       0x34 c:/ac6/systemworkbench/plugins/fr.ac6.mcu.externaltools.arm-none.win32_1.17.0.201812190825/tools/compiler/bin/../lib/gcc/arm-none-eabi/7.3.1/../../../../arm-none-eabi/lib/thumb/v7e-m/fpv4-sp/hard\libc_nano.a(lib_a-sbrkr.o)
 .ARM.attributes
                0x0000069d       0x34 c:/ac6/systemworkbench/plugins/fr.ac6.mcu.externaltools.arm-none.win32_1.17.0.201812190825/tools/compiler/bin/../lib/gcc/arm-none-eabi/7.3.1/../../../../arm-none-eabi/lib/thumb/v7e-m/fpv4-sp/hard\libc_nano.a(lib_a-stdio.o)
 .ARM.attributes
                0x000006d1       0x34 c:/ac6/systemworkbench/plugins/fr.ac6.mcu.externaltools.arm-none.win32_1.17.0.201812190825/tools/compiler/bin/../lib/gcc/arm-none-eabi/7.3.1/../../../../arm-none-eabi/lib/thumb/v7e-m/fpv4-sp/hard\libc_nano.a(lib_a-wbuf.o)
 .ARM.attributes
                0x00000705       0x34 c:/ac6/systemworkbench/plugins/fr.ac6.mcu.externaltools.arm-none.win32_1.17.0.201812190825/tools/compiler/bin/../lib/gcc/arm-none-eabi/7.3.1/../../../../arm-none-eabi/lib/thumb/v7e-m/fpv4-sp/hard\libc_nano.a(lib_a-writer.o)
 .ARM.attributes
                0x00000739       0x34 c:/ac6/systemworkbench/plugins/fr.ac6.mcu.externaltools.arm-none.win32_1.17.0.201812190825/tools/compiler/bin/../lib/gcc/arm-none-eabi/7.3.1/../../../../arm-none-eabi/lib/thumb/v7e-m/fpv4-sp/hard\libc_nano.a(lib_a-wsetup.o)
 .ARM.attributes
                0x0000076d       0x34 c:/ac6/systemworkbench/plugins/fr.ac6.mcu.externaltools.arm-none.win32_1.17.0.201812190825/tools/compiler/bin/../lib/gcc/arm-none-eabi/7.3.1/../../../../arm-none-eabi/lib/thumb/v7e-m/fpv4-sp/hard\libc_nano.a(lib_a-closer.o)
 .ARM.attributes
                0x000007a1       0x34 c:/ac6/systemworkbench/plugins/fr.ac6.mcu.externaltools.arm-none.win32_1.17.0.201812190825/tools/compiler/bin/../lib/gcc/arm-none-eabi/7.3.1/../../../../arm-none-eabi/lib/thumb/v7e-m/fpv4-sp/hard\libc_nano.a(lib_a-fflush.o)
 .ARM.attributes
                0x000007d5       0x34 c:/ac6/systemworkbench/plugins/fr.ac6.mcu.externaltools.arm-none.win32_1.17.0.201812190825/tools/compiler/bin/../lib/gcc/arm-none-eabi/7.3.1/../../../../arm-none-eabi/lib/thumb/v7e-m/fpv4-sp/hard\libc_nano.a(lib_a-lseekr.o)
 .ARM.attributes
                0x00000809       0x34 c:/ac6/systemworkbench/plugins/fr.ac6.mcu.externaltools.arm-none.win32_1.17.0.201812190825/tools/compiler/bin/../lib/gcc/arm-none-eabi/7.3.1/../../../../arm-none-eabi/lib/thumb/v7e-m/fpv4-sp/hard\libc_nano.a(lib_a-makebuf.o)
 .ARM.attributes
                0x0000083d       0x20 c:/ac6/systemworkbench/plugins/fr.ac6.mcu.externaltools.arm-none.win32_1.17.0.201812190825/tools/compiler/bin/../lib/gcc/arm-none-eabi/7.3.1/../../../../arm-none-eabi/lib/thumb/v7e-m/fpv4-sp/hard\libc_nano.a(lib_a-memchr.o)
 .ARM.attributes
                0x0000085d       0x34 c:/ac6/systemworkbench/plugins/fr.ac6.mcu.externaltools.arm-none.win32_1.17.0.201812190825/tools/compiler/bin/../lib/gcc/arm-none-eabi/7.3.1/../../../../arm-none-eabi/lib/thumb/v7e-m/fpv4-sp/hard\libc_nano.a(lib_a-mlock.o)
 .ARM.attributes
                0x00000891       0x34 c:/ac6/systemworkbench/plugins/fr.ac6.mcu.externaltools.arm-none.win32_1.17.0.201812190825/tools/compiler/bin/../lib/gcc/arm-none-eabi/7.3.1/../../../../arm-none-eabi/lib/thumb/v7e-m/fpv4-sp/hard\libc_nano.a(lib_a-nano-freer.o)
 .ARM.attributes
                0x000008c5       0x34 c:/ac6/systemworkbench/plugins/fr.ac6.mcu.externaltools.arm-none.win32_1.17.0.201812190825/tools/compiler/bin/../lib/gcc/arm-none-eabi/7.3.1/../../../../arm-none-eabi/lib/thumb/v7e-m/fpv4-sp/hard\libc_nano.a(lib_a-readr.o)
 .ARM.attributes
                0x000008f9       0x34 c:/ac6/systemworkbench/plugins/fr.ac6.mcu.externaltools.arm-none.win32_1.17.0.201812190825/tools/compiler/bin/../lib/gcc/arm-none-eabi/7.3.1/../../../../arm-none-eabi/lib/thumb/v7e-m/fpv4-sp/hard\libc_nano.a(lib_a-reent.o)
 .ARM.attributes
                0x0000092d       0x34 c:/ac6/systemworkbench/plugins/fr.ac6.mcu.externaltools.arm-none.win32_1.17.0.201812190825/tools/compiler/bin/../lib/gcc/arm-none-eabi/7.3.1/../../../../arm-none-eabi/lib/thumb/v7e-m/fpv4-sp/hard\libc_nano.a(lib_a-fstatr.o)
 .ARM.attributes
                0x00000961       0x34 c:/ac6/systemworkbench/plugins/fr.ac6.mcu.externaltools.arm-none.win32_1.17.0.201812190825/tools/compiler/bin/../lib/gcc/arm-none-eabi/7.3.1/../../../../arm-none-eabi/lib/thumb/v7e-m/fpv4-sp/hard\libc_nano.a(lib_a-isattyr.o)
 .ARM.attributes
                0x00000995       0x22 c:/ac6/systemworkbench/plugins/fr.ac6.mcu.externaltools.arm-none.win32_1.17.0.201812190825/tools/compiler/bin/../lib/gcc/arm-none-eabi/7.3.1/thumb/v7e-m/fpv4-sp/hard/crtn.o
OUTPUT(I2C.elf elf32-littlearm)

.debug_info     0x00000000     0xdfc0
 .debug_info    0x00000000      0x7f9 Core/Src/gpio.o
 .debug_info    0x000007f9      0xabd Core/Src/i2c.o
 .debug_info    0x000012b6     0x1c67 Core/Src/main.o
 .debug_info    0x00002f1d      0x3b9 Core/Src/stm32f4xx_hal_msp.o
 .debug_info    0x000032d6      0x958 Core/Src/stm32f4xx_it.o
 .debug_info    0x00003c2e      0xfd3 Core/Src/syscalls.o
 .debug_info    0x00004c01      0x58d Core/Src/system_stm32f4xx.o
 .debug_info    0x0000518e      0xa07 Core/Src/usart.o
 .debug_info    0x00005b95      0xa43 Drivers/STM32F4xx_HAL_Driver/Src/stm32f4xx_hal.o
 .debug_info    0x000065d8      0xfaa Drivers/STM32F4xx_HAL_Driver/Src/stm32f4xx_hal_cortex.o
 .debug_info    0x00007582      0x810 Drivers/STM32F4xx_HAL_Driver/Src/stm32f4xx_hal_gpio.o
 .debug_info    0x00007d92     0x33e7 Drivers/STM32F4xx_HAL_Driver/Src/stm32f4xx_hal_i2c.o
 .debug_info    0x0000b179      0xad4 Drivers/STM32F4xx_HAL_Driver/Src/stm32f4xx_hal_rcc.o
 .debug_info    0x0000bc4d      0xc34 Drivers/STM32F4xx_HAL_Driver/Src/stm32f4xx_hal_rcc_ex.o
 .debug_info    0x0000c881     0x171d Drivers/STM32F4xx_HAL_Driver/Src/stm32f4xx_hal_uart.o
 .debug_info    0x0000df9e       0x22 startup/startup_stm32f446xx.o

.debug_abbrev   0x00000000     0x2023
 .debug_abbrev  0x00000000      0x17c Core/Src/gpio.o
 .debug_abbrev  0x0000017c      0x1c9 Core/Src/i2c.o
 .debug_abbrev  0x00000345      0x384 Core/Src/main.o
 .debug_abbrev  0x000006c9      0x12a Core/Src/stm32f4xx_hal_msp.o
 .debug_abbrev  0x000007f3      0x1d8 Core/Src/stm32f4xx_it.o
 .debug_abbrev  0x000009cb      0x2d4 Core/Src/syscalls.o
 .debug_abbrev  0x00000c9f      0x12b Core/Src/system_stm32f4xx.o
 .debug_abbrev  0x00000dca      0x1c9 Core/Src/usart.o
 .debug_abbrev  0x00000f93      0x1ed Drivers/STM32F4xx_HAL_Driver/Src/stm32f4xx_hal.o
 .debug_abbrev  0x00001180      0x328 Drivers/STM32F4xx_HAL_Driver/Src/stm32f4xx_hal_cortex.o
 .debug_abbrev  0x000014a8      0x1e7 Drivers/STM32F4xx_HAL_Driver/Src/stm32f4xx_hal_gpio.o
 .debug_abbrev  0x0000168f      0x275 Drivers/STM32F4xx_HAL_Driver/Src/stm32f4xx_hal_i2c.o
 .debug_abbrev  0x00001904      0x273 Drivers/STM32F4xx_HAL_Driver/Src/stm32f4xx_hal_rcc.o
 .debug_abbrev  0x00001b77      0x212 Drivers/STM32F4xx_HAL_Driver/Src/stm32f4xx_hal_rcc_ex.o
 .debug_abbrev  0x00001d89      0x288 Drivers/STM32F4xx_HAL_Driver/Src/stm32f4xx_hal_uart.o
 .debug_abbrev  0x00002011       0x12 startup/startup_stm32f446xx.o

.debug_aranges  0x00000000      0x9c8
 .debug_aranges
                0x00000000       0x20 Core/Src/gpio.o
 .debug_aranges
                0x00000020       0x30 Core/Src/i2c.o
 .debug_aranges
                0x00000050       0x60 Core/Src/main.o
 .debug_aranges
                0x000000b0       0x20 Core/Src/stm32f4xx_hal_msp.o
 .debug_aranges
                0x000000d0       0x68 Core/Src/stm32f4xx_it.o
 .debug_aranges
                0x00000138       0xb0 Core/Src/syscalls.o
 .debug_aranges
                0x000001e8       0x28 Core/Src/system_stm32f4xx.o
 .debug_aranges
                0x00000210       0x30 Core/Src/usart.o
 .debug_aranges
                0x00000240       0xf0 Drivers/STM32F4xx_HAL_Driver/Src/stm32f4xx_hal.o
 .debug_aranges
                0x00000330       0xa8 Drivers/STM32F4xx_HAL_Driver/Src/stm32f4xx_hal_cortex.o
 .debug_aranges
                0x000003d8       0x58 Drivers/STM32F4xx_HAL_Driver/Src/stm32f4xx_hal_gpio.o
 .debug_aranges
                0x00000430      0x2a0 Drivers/STM32F4xx_HAL_Driver/Src/stm32f4xx_hal_i2c.o
 .debug_aranges
                0x000006d0       0x88 Drivers/STM32F4xx_HAL_Driver/Src/stm32f4xx_hal_rcc.o
 .debug_aranges
                0x00000758       0x78 Drivers/STM32F4xx_HAL_Driver/Src/stm32f4xx_hal_rcc_ex.o
 .debug_aranges
                0x000007d0      0x1d0 Drivers/STM32F4xx_HAL_Driver/Src/stm32f4xx_hal_uart.o
 .debug_aranges
                0x000009a0       0x28 startup/startup_stm32f446xx.o

.debug_ranges   0x00000000      0x9b0
 .debug_ranges  0x00000000       0x10 Core/Src/gpio.o
 .debug_ranges  0x00000010       0x20 Core/Src/i2c.o
 .debug_ranges  0x00000030       0x80 Core/Src/main.o
 .debug_ranges  0x000000b0       0x10 Core/Src/stm32f4xx_hal_msp.o
 .debug_ranges  0x000000c0       0x58 Core/Src/stm32f4xx_it.o
 .debug_ranges  0x00000118       0xa0 Core/Src/syscalls.o
 .debug_ranges  0x000001b8       0x18 Core/Src/system_stm32f4xx.o
 .debug_ranges  0x000001d0       0x20 Core/Src/usart.o
 .debug_ranges  0x000001f0       0xe0 Drivers/STM32F4xx_HAL_Driver/Src/stm32f4xx_hal.o
 .debug_ranges  0x000002d0       0xf8 Drivers/STM32F4xx_HAL_Driver/Src/stm32f4xx_hal_cortex.o
 .debug_ranges  0x000003c8       0x48 Drivers/STM32F4xx_HAL_Driver/Src/stm32f4xx_hal_gpio.o
 .debug_ranges  0x00000410      0x2b0 Drivers/STM32F4xx_HAL_Driver/Src/stm32f4xx_hal_i2c.o
 .debug_ranges  0x000006c0       0x90 Drivers/STM32F4xx_HAL_Driver/Src/stm32f4xx_hal_rcc.o
 .debug_ranges  0x00000750       0x80 Drivers/STM32F4xx_HAL_Driver/Src/stm32f4xx_hal_rcc_ex.o
 .debug_ranges  0x000007d0      0x1c0 Drivers/STM32F4xx_HAL_Driver/Src/stm32f4xx_hal_uart.o
 .debug_ranges  0x00000990       0x20 startup/startup_stm32f446xx.o

.debug_macro    0x00000000    0x2254d
 .debug_macro   0x00000000      0x1ec Core/Src/gpio.o
 .debug_macro   0x000001ec      0xa54 Core/Src/gpio.o
 .debug_macro   0x00000c40      0x294 Core/Src/gpio.o
 .debug_macro   0x00000ed4       0x2e Core/Src/gpio.o
 .debug_macro   0x00000f02       0x28 Core/Src/gpio.o
 .debug_macro   0x00000f2a       0x22 Core/Src/gpio.o
 .debug_macro   0x00000f4c       0x8e Core/Src/gpio.o
 .debug_macro   0x00000fda       0x51 Core/Src/gpio.o
 .debug_macro   0x0000102b       0xef Core/Src/gpio.o
 .debug_macro   0x0000111a       0x6a Core/Src/gpio.o
 .debug_macro   0x00001184      0x1df Core/Src/gpio.o
 .debug_macro   0x00001363       0x1c Core/Src/gpio.o
 .debug_macro   0x0000137f       0x22 Core/Src/gpio.o
 .debug_macro   0x000013a1       0xdf Core/Src/gpio.o
 .debug_macro   0x00001480     0x102d Core/Src/gpio.o
 .debug_macro   0x000024ad      0x11f Core/Src/gpio.o
 .debug_macro   0x000025cc    0x1672d Core/Src/gpio.o
 .debug_macro   0x00018cf9       0x43 Core/Src/gpio.o
 .debug_macro   0x00018d3c     0x3659 Core/Src/gpio.o
 .debug_macro   0x0001c395      0x174 Core/Src/gpio.o
 .debug_macro   0x0001c509       0x5a Core/Src/gpio.o
 .debug_macro   0x0001c563      0xc90 Core/Src/gpio.o
 .debug_macro   0x0001d1f3      0x9fe Core/Src/gpio.o
 .debug_macro   0x0001dbf1      0x117 Core/Src/gpio.o
 .debug_macro   0x0001dd08      0x1a0 Core/Src/gpio.o
 .debug_macro   0x0001dea8       0x27 Core/Src/gpio.o
 .debug_macro   0x0001decf      0x16d Core/Src/gpio.o
 .debug_macro   0x0001e03c      0x287 Core/Src/gpio.o
 .debug_macro   0x0001e2c3       0x5f Core/Src/gpio.o
 .debug_macro   0x0001e322      0x236 Core/Src/gpio.o
 .debug_macro   0x0001e558      0x132 Core/Src/gpio.o
 .debug_macro   0x0001e68a      0x29c Core/Src/gpio.o
 .debug_macro   0x0001e926       0x2e Core/Src/gpio.o
 .debug_macro   0x0001e954      0x1b5 Core/Src/gpio.o
 .debug_macro   0x0001eb09       0x22 Core/Src/gpio.o
 .debug_macro   0x0001eb2b       0xd6 Core/Src/gpio.o
 .debug_macro   0x0001ec01      0x11a Core/Src/gpio.o
 .debug_macro   0x0001ed1b       0xe8 Core/Src/gpio.o
 .debug_macro   0x0001ee03       0x89 Core/Src/gpio.o
 .debug_macro   0x0001ee8c      0x287 Core/Src/gpio.o
 .debug_macro   0x0001f113      0x126 Core/Src/gpio.o
 .debug_macro   0x0001f239       0x76 Core/Src/gpio.o
 .debug_macro   0x0001f2af      0x1ec Core/Src/i2c.o
 .debug_macro   0x0001f49b      0x38b Core/Src/main.o
 .debug_macro   0x0001f826       0x5e Core/Src/main.o
 .debug_macro   0x0001f884       0x18 Core/Src/main.o
 .debug_macro   0x0001f89c       0x35 Core/Src/main.o
 .debug_macro   0x0001f8d1       0x34 Core/Src/main.o
 .debug_macro   0x0001f905       0x58 Core/Src/main.o
 .debug_macro   0x0001f95d       0x1f Core/Src/main.o
 .debug_macro   0x0001f97c       0x43 Core/Src/main.o
 .debug_macro   0x0001f9bf       0x20 Core/Src/main.o
 .debug_macro   0x0001f9df      0x18e Core/Src/main.o
 .debug_macro   0x0001fb6d      0x32a Core/Src/main.o
 .debug_macro   0x0001fe97       0x10 Core/Src/main.o
 .debug_macro   0x0001fea7       0x35 Core/Src/main.o
 .debug_macro   0x0001fedc       0x1c Core/Src/main.o
 .debug_macro   0x0001fef8       0x10 Core/Src/main.o
 .debug_macro   0x0001ff08       0x10 Core/Src/main.o
 .debug_macro   0x0001ff18       0x1c Core/Src/main.o
 .debug_macro   0x0001ff34       0x52 Core/Src/main.o
 .debug_macro   0x0001ff86       0x40 Core/Src/main.o
 .debug_macro   0x0001ffc6       0x10 Core/Src/main.o
 .debug_macro   0x0001ffd6       0x40 Core/Src/main.o
 .debug_macro   0x00020016       0xd7 Core/Src/main.o
 .debug_macro   0x000200ed       0x1c Core/Src/main.o
 .debug_macro   0x00020109       0x3d Core/Src/main.o
 .debug_macro   0x00020146       0x16 Core/Src/main.o
 .debug_macro   0x0002015c      0x16f Core/Src/main.o
 .debug_macro   0x000202cb      0x1e2 Core/Src/stm32f4xx_hal_msp.o
 .debug_macro   0x000204ad      0x1fa Core/Src/stm32f4xx_it.o
 .debug_macro   0x000206a7      0x243 Core/Src/syscalls.o
 .debug_macro   0x000208ea       0x58 Core/Src/syscalls.o
 .debug_macro   0x00020942       0x94 Core/Src/syscalls.o
 .debug_macro   0x000209d6       0x57 Core/Src/syscalls.o
 .debug_macro   0x00020a2d      0x330 Core/Src/syscalls.o
 .debug_macro   0x00020d5d       0x10 Core/Src/syscalls.o
 .debug_macro   0x00020d6d       0x10 Core/Src/syscalls.o
 .debug_macro   0x00020d7d       0x10 Core/Src/syscalls.o
 .debug_macro   0x00020d8d       0x35 Core/Src/syscalls.o
 .debug_macro   0x00020dc2      0x122 Core/Src/syscalls.o
 .debug_macro   0x00020ee4       0x16 Core/Src/syscalls.o
 .debug_macro   0x00020efa       0x16 Core/Src/syscalls.o
 .debug_macro   0x00020f10       0x29 Core/Src/syscalls.o
 .debug_macro   0x00020f39       0x10 Core/Src/syscalls.o
 .debug_macro   0x00020f49      0x241 Core/Src/syscalls.o
 .debug_macro   0x0002118a       0x10 Core/Src/syscalls.o
 .debug_macro   0x0002119a      0x189 Core/Src/syscalls.o
 .debug_macro   0x00021323       0x16 Core/Src/syscalls.o
 .debug_macro   0x00021339       0x88 Core/Src/syscalls.o
 .debug_macro   0x000213c1      0x1d9 Core/Src/system_stm32f4xx.o
 .debug_macro   0x0002159a      0x1ec Core/Src/usart.o
 .debug_macro   0x00021786      0x233 Drivers/STM32F4xx_HAL_Driver/Src/stm32f4xx_hal.o
 .debug_macro   0x000219b9      0x1d3 Drivers/STM32F4xx_HAL_Driver/Src/stm32f4xx_hal_cortex.o
 .debug_macro   0x00021b8c      0x209 Drivers/STM32F4xx_HAL_Driver/Src/stm32f4xx_hal_gpio.o
 .debug_macro   0x00021d95      0x21a Drivers/STM32F4xx_HAL_Driver/Src/stm32f4xx_hal_i2c.o
 .debug_macro   0x00021faf      0x1f7 Drivers/STM32F4xx_HAL_Driver/Src/stm32f4xx_hal_rcc.o
 .debug_macro   0x000221a6      0x1d3 Drivers/STM32F4xx_HAL_Driver/Src/stm32f4xx_hal_rcc_ex.o
 .debug_macro   0x00022379      0x1d4 Drivers/STM32F4xx_HAL_Driver/Src/stm32f4xx_hal_uart.o

.debug_line     0x00000000     0x932d
 .debug_line    0x00000000      0x6b0 Core/Src/gpio.o
 .debug_line    0x000006b0      0x6de Core/Src/i2c.o
 .debug_line    0x00000d8e      0x951 Core/Src/main.o
 .debug_line    0x000016df      0x6a6 Core/Src/stm32f4xx_hal_msp.o
 .debug_line    0x00001d85      0x758 Core/Src/stm32f4xx_it.o
 .debug_line    0x000024dd      0x5d6 Core/Src/syscalls.o
 .debug_line    0x00002ab3      0x6c6 Core/Src/system_stm32f4xx.o
 .debug_line    0x00003179      0x6e3 Core/Src/usart.o
 .debug_line    0x0000385c      0x8a3 Drivers/STM32F4xx_HAL_Driver/Src/stm32f4xx_hal.o
 .debug_line    0x000040ff      0x8f5 Drivers/STM32F4xx_HAL_Driver/Src/stm32f4xx_hal_cortex.o
 .debug_line    0x000049f4      0x821 Drivers/STM32F4xx_HAL_Driver/Src/stm32f4xx_hal_gpio.o
 .debug_line    0x00005215     0x1c98 Drivers/STM32F4xx_HAL_Driver/Src/stm32f4xx_hal_i2c.o
 .debug_line    0x00006ead      0x936 Drivers/STM32F4xx_HAL_Driver/Src/stm32f4xx_hal_rcc.o
 .debug_line    0x000077e3      0xada Drivers/STM32F4xx_HAL_Driver/Src/stm32f4xx_hal_rcc_ex.o
 .debug_line    0x000082bd      0xff2 Drivers/STM32F4xx_HAL_Driver/Src/stm32f4xx_hal_uart.o
 .debug_line    0x000092af       0x7e startup/startup_stm32f446xx.o

.debug_str      0x00000000    0xcb1ee
 .debug_str     0x00000000    0xc367e Core/Src/gpio.o
                              0xc3966 (size before relaxing)
 .debug_str     0x000c367e      0x522 Core/Src/i2c.o
                              0xc392d (size before relaxing)
 .debug_str     0x000c3ba0     0x422b Core/Src/main.o
                              0xc7b70 (size before relaxing)
 .debug_str     0x000c7dcb       0x49 Core/Src/stm32f4xx_hal_msp.o
                              0xc3371 (size before relaxing)
 .debug_str     0x000c7e14      0x103 Core/Src/stm32f4xx_it.o
                              0xc3887 (size before relaxing)
 .debug_str     0x000c7f17     0x1222 Core/Src/syscalls.o
                               0x8598 (size before relaxing)
 .debug_str     0x000c9139       0xc4 Core/Src/system_stm32f4xx.o
                              0xc3243 (size before relaxing)
 .debug_str     0x000c91fd       0x51 Core/Src/usart.o
                              0xc3869 (size before relaxing)
 .debug_str     0x000c924e      0x57c Drivers/STM32F4xx_HAL_Driver/Src/stm32f4xx_hal.o
                              0xc3d96 (size before relaxing)
 .debug_str     0x000c97ca      0x341 Drivers/STM32F4xx_HAL_Driver/Src/stm32f4xx_hal_cortex.o
                              0xc3b1b (size before relaxing)
 .debug_str     0x000c9b0b      0x1ad Drivers/STM32F4xx_HAL_Driver/Src/stm32f4xx_hal_gpio.o
                              0xc3482 (size before relaxing)
 .debug_str     0x000c9cb8      0xacf Drivers/STM32F4xx_HAL_Driver/Src/stm32f4xx_hal_i2c.o
                              0xc41f5 (size before relaxing)
 .debug_str     0x000ca787      0x213 Drivers/STM32F4xx_HAL_Driver/Src/stm32f4xx_hal_rcc.o
                              0xc365c (size before relaxing)
 .debug_str     0x000ca99a      0x324 Drivers/STM32F4xx_HAL_Driver/Src/stm32f4xx_hal_rcc_ex.o
                              0xc36a0 (size before relaxing)
 .debug_str     0x000cacbe      0x501 Drivers/STM32F4xx_HAL_Driver/Src/stm32f4xx_hal_uart.o
                              0xc3ae1 (size before relaxing)
 .debug_str     0x000cb1bf       0x2f startup/startup_stm32f446xx.o
                                 0x58 (size before relaxing)

.comment        0x00000000       0x7f
 .comment       0x00000000       0x7f Core/Src/gpio.o
                                 0x80 (size before relaxing)
 .comment       0x0000007f       0x80 Core/Src/i2c.o
 .comment       0x0000007f       0x80 Core/Src/main.o
 .comment       0x0000007f       0x80 Core/Src/stm32f4xx_hal_msp.o
 .comment       0x0000007f       0x80 Core/Src/stm32f4xx_it.o
 .comment       0x0000007f       0x80 Core/Src/syscalls.o
 .comment       0x0000007f       0x80 Core/Src/system_stm32f4xx.o
 .comment       0x0000007f       0x80 Core/Src/usart.o
 .comment       0x0000007f       0x80 Drivers/STM32F4xx_HAL_Driver/Src/stm32f4xx_hal.o
 .comment       0x0000007f       0x80 Drivers/STM32F4xx_HAL_Driver/Src/stm32f4xx_hal_cortex.o
 .comment       0x0000007f       0x80 Drivers/STM32F4xx_HAL_Driver/Src/stm32f4xx_hal_gpio.o
 .comment       0x0000007f       0x80 Drivers/STM32F4xx_HAL_Driver/Src/stm32f4xx_hal_i2c.o
 .comment       0x0000007f       0x80 Drivers/STM32F4xx_HAL_Driver/Src/stm32f4xx_hal_rcc.o
 .comment       0x0000007f       0x80 Drivers/STM32F4xx_HAL_Driver/Src/stm32f4xx_hal_rcc_ex.o
 .comment       0x0000007f       0x80 Drivers/STM32F4xx_HAL_Driver/Src/stm32f4xx_hal_uart.o

.debug_frame    0x00000000     0x216c
 .debug_frame   0x00000000       0x30 Core/Src/gpio.o
 .debug_frame   0x00000030       0x64 Core/Src/i2c.o
 .debug_frame   0x00000094       0xf0 Core/Src/main.o
 .debug_frame   0x00000184       0x2c Core/Src/stm32f4xx_hal_msp.o
 .debug_frame   0x000001b0       0xcc Core/Src/stm32f4xx_it.o
 .debug_frame   0x0000027c      0x1a8 Core/Src/syscalls.o
 .debug_frame   0x00000424       0x30 Core/Src/system_stm32f4xx.o
 .debug_frame   0x00000454       0x60 Core/Src/usart.o
 .debug_frame   0x000004b4      0x1ec Drivers/STM32F4xx_HAL_Driver/Src/stm32f4xx_hal.o
 .debug_frame   0x000006a0      0x15c Drivers/STM32F4xx_HAL_Driver/Src/stm32f4xx_hal_cortex.o
 .debug_frame   0x000007fc       0xd8 Drivers/STM32F4xx_HAL_Driver/Src/stm32f4xx_hal_gpio.o
 .debug_frame   0x000008d4      0x948 Drivers/STM32F4xx_HAL_Driver/Src/stm32f4xx_hal_i2c.o
 .debug_frame   0x0000121c      0x184 Drivers/STM32F4xx_HAL_Driver/Src/stm32f4xx_hal_rcc.o
 .debug_frame   0x000013a0      0x148 Drivers/STM32F4xx_HAL_Driver/Src/stm32f4xx_hal_rcc_ex.o
 .debug_frame   0x000014e8      0x4f0 Drivers/STM32F4xx_HAL_Driver/Src/stm32f4xx_hal_uart.o
 .debug_frame   0x000019d8       0x2c c:/ac6/systemworkbench/plugins/fr.ac6.mcu.externaltools.arm-none.win32_1.17.0.201812190825/tools/compiler/bin/../lib/gcc/arm-none-eabi/7.3.1/thumb/v7e-m/fpv4-sp/hard\libgcc.a(_aeabi_uldivmod.o)
 .debug_frame   0x00001a04       0x34 c:/ac6/systemworkbench/plugins/fr.ac6.mcu.externaltools.arm-none.win32_1.17.0.201812190825/tools/compiler/bin/../lib/gcc/arm-none-eabi/7.3.1/thumb/v7e-m/fpv4-sp/hard\libgcc.a(_udivmoddi4.o)
 .debug_frame   0x00001a38       0x20 c:/ac6/systemworkbench/plugins/fr.ac6.mcu.externaltools.arm-none.win32_1.17.0.201812190825/tools/compiler/bin/../lib/gcc/arm-none-eabi/7.3.1/../../../../arm-none-eabi/lib/thumb/v7e-m/fpv4-sp/hard\libc_nano.a(lib_a-errno.o)
 .debug_frame   0x00001a58       0x2c c:/ac6/systemworkbench/plugins/fr.ac6.mcu.externaltools.arm-none.win32_1.17.0.201812190825/tools/compiler/bin/../lib/gcc/arm-none-eabi/7.3.1/../../../../arm-none-eabi/lib/thumb/v7e-m/fpv4-sp/hard\libc_nano.a(lib_a-init.o)
 .debug_frame   0x00001a84       0x20 c:/ac6/systemworkbench/plugins/fr.ac6.mcu.externaltools.arm-none.win32_1.17.0.201812190825/tools/compiler/bin/../lib/gcc/arm-none-eabi/7.3.1/../../../../arm-none-eabi/lib/thumb/v7e-m/fpv4-sp/hard\libc_nano.a(lib_a-memset.o)
 .debug_frame   0x00001aa4       0x74 c:/ac6/systemworkbench/plugins/fr.ac6.mcu.externaltools.arm-none.win32_1.17.0.201812190825/tools/compiler/bin/../lib/gcc/arm-none-eabi/7.3.1/../../../../arm-none-eabi/lib/thumb/v7e-m/fpv4-sp/hard\libc_nano.a(lib_a-printf.o)
 .debug_frame   0x00001b18      0x11c c:/ac6/systemworkbench/plugins/fr.ac6.mcu.externaltools.arm-none.win32_1.17.0.201812190825/tools/compiler/bin/../lib/gcc/arm-none-eabi/7.3.1/../../../../arm-none-eabi/lib/thumb/v7e-m/fpv4-sp/hard\libc_nano.a(lib_a-findfp.o)
 .debug_frame   0x00001c34       0x54 c:/ac6/systemworkbench/plugins/fr.ac6.mcu.externaltools.arm-none.win32_1.17.0.201812190825/tools/compiler/bin/../lib/gcc/arm-none-eabi/7.3.1/../../../../arm-none-eabi/lib/thumb/v7e-m/fpv4-sp/hard\libc_nano.a(lib_a-fwalk.o)
 .debug_frame   0x00001c88       0x2c c:/ac6/systemworkbench/plugins/fr.ac6.mcu.externaltools.arm-none.win32_1.17.0.201812190825/tools/compiler/bin/../lib/gcc/arm-none-eabi/7.3.1/../../../../arm-none-eabi/lib/thumb/v7e-m/fpv4-sp/hard\libc_nano.a(lib_a-nano-mallocr.o)
 .debug_frame   0x00001cb4       0xac c:/ac6/systemworkbench/plugins/fr.ac6.mcu.externaltools.arm-none.win32_1.17.0.201812190825/tools/compiler/bin/../lib/gcc/arm-none-eabi/7.3.1/../../../../arm-none-eabi/lib/thumb/v7e-m/fpv4-sp/hard\libc_nano.a(lib_a-nano-vfprintf.o)
 .debug_frame   0x00001d60       0x60 c:/ac6/systemworkbench/plugins/fr.ac6.mcu.externaltools.arm-none.win32_1.17.0.201812190825/tools/compiler/bin/../lib/gcc/arm-none-eabi/7.3.1/../../../../arm-none-eabi/lib/thumb/v7e-m/fpv4-sp/hard\libc_nano.a(lib_a-nano-vfprintf_i.o)
 .debug_frame   0x00001dc0       0x2c c:/ac6/systemworkbench/plugins/fr.ac6.mcu.externaltools.arm-none.win32_1.17.0.201812190825/tools/compiler/bin/../lib/gcc/arm-none-eabi/7.3.1/../../../../arm-none-eabi/lib/thumb/v7e-m/fpv4-sp/hard\libc_nano.a(lib_a-sbrkr.o)
 .debug_frame   0x00001dec       0x88 c:/ac6/systemworkbench/plugins/fr.ac6.mcu.externaltools.arm-none.win32_1.17.0.201812190825/tools/compiler/bin/../lib/gcc/arm-none-eabi/7.3.1/../../../../arm-none-eabi/lib/thumb/v7e-m/fpv4-sp/hard\libc_nano.a(lib_a-stdio.o)
 .debug_frame   0x00001e74       0x40 c:/ac6/systemworkbench/plugins/fr.ac6.mcu.externaltools.arm-none.win32_1.17.0.201812190825/tools/compiler/bin/../lib/gcc/arm-none-eabi/7.3.1/../../../../arm-none-eabi/lib/thumb/v7e-m/fpv4-sp/hard\libc_nano.a(lib_a-wbuf.o)
 .debug_frame   0x00001eb4       0x2c c:/ac6/systemworkbench/plugins/fr.ac6.mcu.externaltools.arm-none.win32_1.17.0.201812190825/tools/compiler/bin/../lib/gcc/arm-none-eabi/7.3.1/../../../../arm-none-eabi/lib/thumb/v7e-m/fpv4-sp/hard\libc_nano.a(lib_a-writer.o)
 .debug_frame   0x00001ee0       0x2c c:/ac6/systemworkbench/plugins/fr.ac6.mcu.externaltools.arm-none.win32_1.17.0.201812190825/tools/compiler/bin/../lib/gcc/arm-none-eabi/7.3.1/../../../../arm-none-eabi/lib/thumb/v7e-m/fpv4-sp/hard\libc_nano.a(lib_a-wsetup.o)
 .debug_frame   0x00001f0c       0x2c c:/ac6/systemworkbench/plugins/fr.ac6.mcu.externaltools.arm-none.win32_1.17.0.201812190825/tools/compiler/bin/../lib/gcc/arm-none-eabi/7.3.1/../../../../arm-none-eabi/lib/thumb/v7e-m/fpv4-sp/hard\libc_nano.a(lib_a-closer.o)
 .debug_frame   0x00001f38       0x68 c:/ac6/systemworkbench/plugins/fr.ac6.mcu.externaltools.arm-none.win32_1.17.0.201812190825/tools/compiler/bin/../lib/gcc/arm-none-eabi/7.3.1/../../../../arm-none-eabi/lib/thumb/v7e-m/fpv4-sp/hard\libc_nano.a(lib_a-fflush.o)
 .debug_frame   0x00001fa0       0x2c c:/ac6/systemworkbench/plugins/fr.ac6.mcu.externaltools.arm-none.win32_1.17.0.201812190825/tools/compiler/bin/../lib/gcc/arm-none-eabi/7.3.1/../../../../arm-none-eabi/lib/thumb/v7e-m/fpv4-sp/hard\libc_nano.a(lib_a-lseekr.o)
 .debug_frame   0x00001fcc       0x58 c:/ac6/systemworkbench/plugins/fr.ac6.mcu.externaltools.arm-none.win32_1.17.0.201812190825/tools/compiler/bin/../lib/gcc/arm-none-eabi/7.3.1/../../../../arm-none-eabi/lib/thumb/v7e-m/fpv4-sp/hard\libc_nano.a(lib_a-makebuf.o)
 .debug_frame   0x00002024       0x30 c:/ac6/systemworkbench/plugins/fr.ac6.mcu.externaltools.arm-none.win32_1.17.0.201812190825/tools/compiler/bin/../lib/gcc/arm-none-eabi/7.3.1/../../../../arm-none-eabi/lib/thumb/v7e-m/fpv4-sp/hard\libc_nano.a(lib_a-mlock.o)
 .debug_frame   0x00002054       0x38 c:/ac6/systemworkbench/plugins/fr.ac6.mcu.externaltools.arm-none.win32_1.17.0.201812190825/tools/compiler/bin/../lib/gcc/arm-none-eabi/7.3.1/../../../../arm-none-eabi/lib/thumb/v7e-m/fpv4-sp/hard\libc_nano.a(lib_a-nano-freer.o)
 .debug_frame   0x0000208c       0x2c c:/ac6/systemworkbench/plugins/fr.ac6.mcu.externaltools.arm-none.win32_1.17.0.201812190825/tools/compiler/bin/../lib/gcc/arm-none-eabi/7.3.1/../../../../arm-none-eabi/lib/thumb/v7e-m/fpv4-sp/hard\libc_nano.a(lib_a-readr.o)
 .debug_frame   0x000020b8       0x5c c:/ac6/systemworkbench/plugins/fr.ac6.mcu.externaltools.arm-none.win32_1.17.0.201812190825/tools/compiler/bin/../lib/gcc/arm-none-eabi/7.3.1/../../../../arm-none-eabi/lib/thumb/v7e-m/fpv4-sp/hard\libc_nano.a(lib_a-reent.o)
 .debug_frame   0x00002114       0x2c c:/ac6/systemworkbench/plugins/fr.ac6.mcu.externaltools.arm-none.win32_1.17.0.201812190825/tools/compiler/bin/../lib/gcc/arm-none-eabi/7.3.1/../../../../arm-none-eabi/lib/thumb/v7e-m/fpv4-sp/hard\libc_nano.a(lib_a-fstatr.o)
 .debug_frame   0x00002140       0x2c c:/ac6/systemworkbench/plugins/fr.ac6.mcu.externaltools.arm-none.win32_1.17.0.201812190825/tools/compiler/bin/../lib/gcc/arm-none-eabi/7.3.1/../../../../arm-none-eabi/lib/thumb/v7e-m/fpv4-sp/hard\libc_nano.a(lib_a-isattyr.o)

.debug_loc      0x00000000     0x705a
 .debug_loc     0x00000000       0x5b Core/Src/i2c.o
 .debug_loc     0x0000005b      0x28b Core/Src/main.o
 .debug_loc     0x000002e6      0x3af Core/Src/syscalls.o
 .debug_loc     0x00000695      0x13e Core/Src/system_stm32f4xx.o
 .debug_loc     0x000007d3       0x74 Core/Src/usart.o
 .debug_loc     0x00000847      0x11b Drivers/STM32F4xx_HAL_Driver/Src/stm32f4xx_hal.o
 .debug_loc     0x00000962      0x5ce Drivers/STM32F4xx_HAL_Driver/Src/stm32f4xx_hal_cortex.o
 .debug_loc     0x00000f30      0x476 Drivers/STM32F4xx_HAL_Driver/Src/stm32f4xx_hal_gpio.o
 .debug_loc     0x000013a6     0x37ae Drivers/STM32F4xx_HAL_Driver/Src/stm32f4xx_hal_i2c.o
 .debug_loc     0x00004b54      0x40f Drivers/STM32F4xx_HAL_Driver/Src/stm32f4xx_hal_rcc.o
 .debug_loc     0x00004f63      0xb5e Drivers/STM32F4xx_HAL_Driver/Src/stm32f4xx_hal_rcc_ex.o
 .debug_loc     0x00005ac1     0x1599 Drivers/STM32F4xx_HAL_Driver/Src/stm32f4xx_hal_uart.o
